Component: ARM Compiler 5.06 update 4 (build 422) Tool: armlink [4d35d2]

==============================================================================

Section Cross References

    stm32f4xx_it.o(i.SysTick_Handler) refers to cmsis_os.o(i.osSystickHandler) for osSystickHandler
    stm32f4xx_it.o(i.TIM6_DAC_IRQHandler) refers to stm32f4xx_hal_tim.o(i.HAL_TIM_IRQHandler) for HAL_TIM_IRQHandler
    stm32f4xx_it.o(i.TIM6_DAC_IRQHandler) refers to stm32f4xx_hal_timebase_tim.o(.bss) for htim6
    stm32f4xx_it.o(i.TIM7_IRQHandler) refers to stm32f4xx_hal_tim.o(i.HAL_TIM_IRQHandler) for HAL_TIM_IRQHandler
    stm32f4xx_it.o(i.TIM7_IRQHandler) refers to main.o(.bss) for htim7
    stm32f4xx_it.o(i.TIM7_IRQHandler) refers to porttimer.o(.data) for downcounter
    stm32f4xx_it.o(i.TIM7_IRQHandler) refers to mb.o(.data) for pxMBPortCBTimerExpired
    stm32f4xx_it.o(i.USART2_IRQHandler) refers to stm32f4xx_hal_uart.o(i.HAL_UART_IRQHandler) for HAL_UART_IRQHandler
    stm32f4xx_it.o(i.USART2_IRQHandler) refers to main.o(.bss) for huart2
    stm32f4xx_it.o(i.USART2_IRQHandler) refers to mb.o(.data) for pxMBFrameCBByteReceived
    main.o(i.HAL_TIM_PeriodElapsedCallback) refers to stm32f4xx_hal.o(i.HAL_IncTick) for HAL_IncTick
    main.o(i.MX_GPIO_Init) refers to stm32f4xx_hal_gpio.o(i.HAL_GPIO_WritePin) for HAL_GPIO_WritePin
    main.o(i.MX_GPIO_Init) refers to stm32f4xx_hal_gpio.o(i.HAL_GPIO_Init) for HAL_GPIO_Init
    main.o(i.StartDefaultTask) refers to memcpya.o(.text) for __aeabi_memcpy4
    main.o(i.StartDefaultTask) refers to cmsis_os.o(i.osThreadCreate) for osThreadCreate
    main.o(i.StartDefaultTask) refers to cmsis_os.o(i.osDelay) for osDelay
    main.o(i.StartDefaultTask) refers to main.o(.constdata) for .constdata
    main.o(i.SystemClock_Config) refers to stm32f4xx_hal_rcc.o(i.HAL_RCC_OscConfig) for HAL_RCC_OscConfig
    main.o(i.SystemClock_Config) refers to stm32f4xx_hal_rcc.o(i.HAL_RCC_ClockConfig) for HAL_RCC_ClockConfig
    main.o(i.SystemClock_Config) refers to stm32f4xx_hal_rcc.o(i.HAL_RCC_GetHCLKFreq) for HAL_RCC_GetHCLKFreq
    main.o(i.SystemClock_Config) refers to stm32f4xx_hal_cortex.o(i.HAL_SYSTICK_Config) for HAL_SYSTICK_Config
    main.o(i.SystemClock_Config) refers to stm32f4xx_hal_cortex.o(i.HAL_SYSTICK_CLKSourceConfig) for HAL_SYSTICK_CLKSourceConfig
    main.o(i.SystemClock_Config) refers to stm32f4xx_hal_cortex.o(i.HAL_NVIC_SetPriority) for HAL_NVIC_SetPriority
    main.o(i.main) refers to stm32f4xx_hal.o(i.HAL_Init) for HAL_Init
    main.o(i.main) refers to main.o(i.SystemClock_Config) for SystemClock_Config
    main.o(i.main) refers to main.o(i.MX_GPIO_Init) for MX_GPIO_Init
    main.o(i.main) refers to stm32f4xx_hal_uart.o(i.HAL_UART_Init) for HAL_UART_Init
    main.o(i.main) refers to stm32f4xx_hal_tim.o(i.HAL_TIM_Base_Init) for HAL_TIM_Base_Init
    main.o(i.main) refers to stm32f4xx_hal_tim_ex.o(i.HAL_TIMEx_MasterConfigSynchronization) for HAL_TIMEx_MasterConfigSynchronization
    main.o(i.main) refers to memcpya.o(.text) for __aeabi_memcpy4
    main.o(i.main) refers to cmsis_os.o(i.osThreadCreate) for osThreadCreate
    main.o(i.main) refers to cmsis_os.o(i.osKernelStart) for osKernelStart
    main.o(i.main) refers to main.o(.bss) for .bss
    main.o(i.main) refers to main.o(.constdata) for .constdata
    main.o(i.main) refers to main.o(.data) for .data
    main.o(.constdata) refers to main.o(.conststring) for .conststring
    main.o(.constdata) refers to main.o(i.StartDefaultTask) for StartDefaultTask
    main.o(.constdata) refers to mdtask.o(i.ModbusRTUTask) for ModbusRTUTask
    stm32f4xx_hal_msp.o(i.HAL_MspInit) refers to stm32f4xx_hal_cortex.o(i.HAL_NVIC_SetPriorityGrouping) for HAL_NVIC_SetPriorityGrouping
    stm32f4xx_hal_msp.o(i.HAL_MspInit) refers to stm32f4xx_hal_cortex.o(i.HAL_NVIC_SetPriority) for HAL_NVIC_SetPriority
    stm32f4xx_hal_msp.o(i.HAL_TIM_Base_MspDeInit) refers to stm32f4xx_hal_cortex.o(i.HAL_NVIC_DisableIRQ) for HAL_NVIC_DisableIRQ
    stm32f4xx_hal_msp.o(i.HAL_TIM_Base_MspInit) refers to stm32f4xx_hal_cortex.o(i.HAL_NVIC_SetPriority) for HAL_NVIC_SetPriority
    stm32f4xx_hal_msp.o(i.HAL_TIM_Base_MspInit) refers to stm32f4xx_hal_cortex.o(i.HAL_NVIC_EnableIRQ) for HAL_NVIC_EnableIRQ
    stm32f4xx_hal_msp.o(i.HAL_UART_MspDeInit) refers to stm32f4xx_hal_gpio.o(i.HAL_GPIO_DeInit) for HAL_GPIO_DeInit
    stm32f4xx_hal_msp.o(i.HAL_UART_MspDeInit) refers to stm32f4xx_hal_cortex.o(i.HAL_NVIC_DisableIRQ) for HAL_NVIC_DisableIRQ
    stm32f4xx_hal_msp.o(i.HAL_UART_MspInit) refers to stm32f4xx_hal_gpio.o(i.HAL_GPIO_Init) for HAL_GPIO_Init
    stm32f4xx_hal_msp.o(i.HAL_UART_MspInit) refers to stm32f4xx_hal_cortex.o(i.HAL_NVIC_SetPriority) for HAL_NVIC_SetPriority
    stm32f4xx_hal_msp.o(i.HAL_UART_MspInit) refers to stm32f4xx_hal_cortex.o(i.HAL_NVIC_EnableIRQ) for HAL_NVIC_EnableIRQ
    stm32f4xx_hal_timebase_tim.o(i.HAL_InitTick) refers to stm32f4xx_hal_cortex.o(i.HAL_NVIC_SetPriority) for HAL_NVIC_SetPriority
[...]
    Removing stm32f4xx_hal_uart.o(i.HAL_UART_AbortCpltCallback), (2 bytes).
    Removing stm32f4xx_hal_uart.o(i.HAL_UART_AbortReceive), (68 bytes).
    Removing stm32f4xx_hal_uart.o(i.HAL_UART_AbortReceiveCpltCallback), (2 bytes).
    Removing stm32f4xx_hal_uart.o(i.HAL_UART_AbortReceive_IT), (92 bytes).
    Removing stm32f4xx_hal_uart.o(i.HAL_UART_AbortTransmit), (58 bytes).
    Removing stm32f4xx_hal_uart.o(i.HAL_UART_AbortTransmitCpltCallback), (2 bytes).
    Removing stm32f4xx_hal_uart.o(i.HAL_UART_AbortTransmit_IT), (84 bytes).
    Removing stm32f4xx_hal_uart.o(i.HAL_UART_Abort_IT), (172 bytes).
    Removing stm32f4xx_hal_uart.o(i.HAL_UART_DMAPause), (102 bytes).
    Removing stm32f4xx_hal_uart.o(i.HAL_UART_DMAResume), (94 bytes).
    Removing stm32f4xx_hal_uart.o(i.HAL_UART_DMAStop), (88 bytes).
    Removing stm32f4xx_hal_uart.o(i.HAL_UART_DeInit), (40 bytes).
    Removing stm32f4xx_hal_uart.o(i.HAL_UART_GetError), (4 bytes).
    Removing stm32f4xx_hal_uart.o(i.HAL_UART_GetState), (10 bytes).
    Removing stm32f4xx_hal_uart.o(i.HAL_UART_MspDeInit), (2 bytes).
    Removing stm32f4xx_hal_uart.o(i.HAL_UART_MspInit), (2 bytes).
    Removing stm32f4xx_hal_uart.o(i.HAL_UART_Receive), (184 bytes).
    Removing stm32f4xx_hal_uart.o(i.HAL_UART_Receive_DMA), (152 bytes).
    Removing stm32f4xx_hal_uart.o(i.HAL_UART_Receive_IT), (72 bytes).
    Removing stm32f4xx_hal_uart.o(i.HAL_UART_RxHalfCpltCallback), (2 bytes).
    Removing stm32f4xx_hal_uart.o(i.HAL_UART_Transmit_DMA), (128 bytes).
    Removing stm32f4xx_hal_uart.o(i.HAL_UART_Transmit_IT), (62 bytes).
    Removing stm32f4xx_hal_uart.o(i.HAL_UART_TxHalfCpltCallback), (2 bytes).
    Removing stm32f4xx_hal_uart.o(i.UART_DMAError), (74 bytes).
    Removing stm32f4xx_hal_uart.o(i.UART_DMAReceiveCplt), (60 bytes).
    Removing stm32f4xx_hal_uart.o(i.UART_DMARxAbortCallback), (42 bytes).
    Removing stm32f4xx_hal_uart.o(i.UART_DMARxHalfCplt), (10 bytes).
    Removing stm32f4xx_hal_uart.o(i.UART_DMARxOnlyAbortCallback), (20 bytes).
    Removing stm32f4xx_hal_uart.o(i.UART_DMATransmitCplt), (46 bytes).
    Removing stm32f4xx_hal_uart.o(i.UART_DMATxAbortCallback), (42 bytes).
    Removing stm32f4xx_hal_uart.o(i.UART_DMATxHalfCplt), (10 bytes).
    Removing stm32f4xx_hal_uart.o(i.UART_DMATxOnlyAbortCallback), (20 bytes).
    Removing stm32f4xx_hal_uart.o(i.UART_EndTxTransfer), (18 bytes).
    Removing stm32f4xx_hal_flash.o(.rev16_text), (4 bytes).
    Removing stm32f4xx_hal_flash.o(.revsh_text), (4 bytes).
    Removing stm32f4xx_hal_flash.o(.rrx_text), (6 bytes).
    Removing stm32f4xx_hal_flash.o(i.FLASH_Program_Byte), (32 bytes).
    Removing stm32f4xx_hal_flash.o(i.FLASH_Program_DoubleWord), (40 bytes).
    Removing stm32f4xx_hal_flash.o(i.FLASH_Program_HalfWord), (36 bytes).
    Removing stm32f4xx_hal_flash.o(i.FLASH_Program_Word), (36 bytes).
    Removing stm32f4xx_hal_flash.o(i.FLASH_SetErrorCode), (104 bytes).
    Removing stm32f4xx_hal_flash.o(i.FLASH_WaitForLastOperation), (80 bytes).
    Removing stm32f4xx_hal_flash.o(i.HAL_FLASH_EndOfOperationCallback), (2 bytes).
    Removing stm32f4xx_hal_flash.o(i.HAL_FLASH_GetError), (12 bytes).
    Removing stm32f4xx_hal_flash.o(i.HAL_FLASH_IRQHandler), (204 bytes).
    Removing stm32f4xx_hal_flash.o(i.HAL_FLASH_Lock), (20 bytes).
    Removing stm32f4xx_hal_flash.o(i.HAL_FLASH_OB_Launch), (24 bytes).
    Removing stm32f4xx_hal_flash.o(i.HAL_FLASH_OB_Lock), (20 bytes).
    Removing stm32f4xx_hal_flash.o(i.HAL_FLASH_OB_Unlock), (40 bytes).
    Removing stm32f4xx_hal_flash.o(i.HAL_FLASH_OperationErrorCallback), (2 bytes).
    Removing stm32f4xx_hal_flash.o(i.HAL_FLASH_Program), (124 bytes).
    Removing stm32f4xx_hal_flash.o(i.HAL_FLASH_Program_IT), (108 bytes).
    Removing stm32f4xx_hal_flash.o(i.HAL_FLASH_Unlock), (40 bytes).
    Removing stm32f4xx_hal_flash.o(.bss), (32 bytes).
    Removing startup_stm32f407xx.o(HEAP), (512 bytes).
    Removing mbfunccoils.o(.rev16_text), (4 bytes).
    Removing mbfunccoils.o(.revsh_text), (4 bytes).
    Removing mbfunccoils.o(.rrx_text), (6 bytes).
    Removing mbfuncdisc.o(.rev16_text), (4 bytes).
    Removing mbfuncdisc.o(.revsh_text), (4 bytes).
    Removing mbfuncdisc.o(.rrx_text), (6 bytes).
    Removing mbfuncholding.o(.rev16_text), (4 bytes).
    Removing mbfuncholding.o(.revsh_text), (4 bytes).
    Removing mbfuncholding.o(.rrx_text), (6 bytes).
    Removing mbfuncinput.o(.rev16_text), (4 bytes).
    Removing mbfuncinput.o(.revsh_text), (4 bytes).
    Removing mbfuncinput.o(.rrx_text), (6 bytes).
    Removing mbfuncother.o(.rev16_text), (4 bytes).
    Removing mbfuncother.o(.revsh_text), (4 bytes).
    Removing mbfuncother.o(.rrx_text), (6 bytes).
    Removing mbfuncother.o(i.eMBSetSlaveID), (72 bytes).
    Removing mbutils.o(.rev16_text), (4 bytes).
    Removing mbutils.o(.revsh_text), (4 bytes).
    Removing mbutils.o(.rrx_text), (6 bytes).
    Removing mbutils.o(i.xMBUtilGetBits), (34 bytes).
    Removing mbutils.o(i.xMBUtilSetBits), (50 bytes).
    Removing portevent.o(.rev16_text), (4 bytes).
    Removing portevent.o(.revsh_text), (4 bytes).
    Removing portevent.o(.rrx_text), (6 bytes).
    Removing portserial.o(.rev16_text), (4 bytes).
    Removing portserial.o(.revsh_text), (4 bytes).
    Removing portserial.o(.rrx_text), (6 bytes).
    Removing porttimer.o(.rev16_text), (4 bytes).
    Removing porttimer.o(.revsh_text), (4 bytes).
    Removing porttimer.o(.rrx_text), (6 bytes).
    Removing mbcrc.o(.rev16_text), (4 bytes).
    Removing mbcrc.o(.revsh_text), (4 bytes).
    Removing mbcrc.o(.rrx_text), (6 bytes).
    Removing mbrtu.o(.rev16_text), (4 bytes).
    Removing mbrtu.o(.revsh_text), (4 bytes).
    Removing mbrtu.o(.rrx_text), (6 bytes).
    Removing mb.o(.rev16_text), (4 bytes).
    Removing mb.o(.revsh_text), (4 bytes).
    Removing mb.o(.rrx_text), (6 bytes).
    Removing mb.o(i.eMBClose), (32 bytes).
    Removing mb.o(i.eMBDisable), (32 bytes).
    Removing mb.o(i.eMBRegisterCB), (100 bytes).
    Removing mb.o(.data), (4 bytes).
    Removing mb.o(.data), (4 bytes).

533 unused section(s) (total 31538 bytes) removed from the image.

==============================================================================

Image Symbol Table

    Local Symbols

    Symbol Name                              Value     Ov Type        Size  Object(Section)

    ../Drivers/STM32F4xx_HAL_Driver/Src/stm32f4xx_hal.c 0x00000000   Number         0  stm32f4xx_hal.o ABSOLUTE
    ../Drivers/STM32F4xx_HAL_Driver/Src/stm32f4xx_hal_cortex.c 0x00000000   Number         0  stm32f4xx_hal_cortex.o ABSOLUTE
    ../Drivers/STM32F4xx_HAL_Driver/Src/stm32f4xx_hal_dma.c 0x00000000   Number         0  stm32f4xx_hal_dma.o ABSOLUTE
    ../Drivers/STM32F4xx_HAL_Driver/Src/stm32f4xx_hal_dma_ex.c 0x00000000   Number         0  stm32f4xx_hal_dma_ex.o ABSOLUTE
    ../Drivers/STM32F4xx_HAL_Driver/Src/stm32f4xx_hal_flash.c 0x00000000   Number         0  stm32f4xx_hal_flash.o ABSOLUTE
    ../Drivers/STM32F4xx_HAL_Driver/Src/stm32f4xx_hal_flash_ex.c 0x00000000   Number         0  stm32f4xx_hal_flash_ex.o ABSOLUTE
    ../Drivers/STM32F4xx_HAL_Driver/Src/stm32f4xx_hal_flash_ramfunc.c 0x00000000   Number         0  stm32f4xx_hal_flash_ramfunc.o ABSOLUTE
    ../Drivers/STM32F4xx_HAL_Driver/Src/stm32f4xx_hal_gpio.c 0x00000000   Number         0  stm32f4xx_hal_gpio.o ABSOLUTE
    ../Drivers/STM32F4xx_HAL_Driver/Src/stm32f4xx_hal_pwr.c 0x00000000   Number         0  stm32f4xx_hal_pwr.o ABSOLUTE
    ../Drivers/STM32F4xx_HAL_Driver/Src/stm32f4xx_hal_pwr_ex.c 0x00000000   Number         0  stm32f4xx_hal_pwr_ex.o ABSOLUTE
    ../Drivers/STM32F4xx_HAL_Driver/Src/stm32f4xx_hal_rcc.c 0x00000000   Number         0  stm32f4xx_hal_rcc.o ABSOLUTE
    ../Drivers/STM32F4xx_HAL_Driver/Src/stm32f4xx_hal_rcc_ex.c 0x00000000   Number         0  stm32f4xx_hal_rcc_ex.o ABSOLUTE
    ../Drivers/STM32F4xx_HAL_Driver/Src/stm32f4xx_hal_tim.c 0x00000000   Number         0  stm32f4xx_hal_tim.o ABSOLUTE
    ../Drivers/STM32F4xx_HAL_Driver/Src/stm32f4xx_hal_tim_ex.c 0x00000000   Number         0  stm32f4xx_hal_tim_ex.o ABSOLUTE
    ../Drivers/STM32F4xx_HAL_Driver/Src/stm32f4xx_hal_uart.c 0x00000000   Number         0  stm32f4xx_hal_uart.o ABSOLUTE
    ../Middlewares/Third_Party/FreeRTOS/Source/CMSIS_RTOS/cmsis_os.c 0x00000000   Number         0  cmsis_os.o ABSOLUTE
    ../Middlewares/Third_Party/FreeRTOS/Source/croutine.c 0x00000000   Number         0  croutine.o ABSOLUTE
    ../Middlewares/Third_Party/FreeRTOS/Source/event_groups.c 0x00000000   Number         0  event_groups.o ABSOLUTE
    ../Middlewares/Third_Party/FreeRTOS/Source/list.c 0x00000000   Number         0  list.o ABSOLUTE
    ../Middlewares/Third_Party/FreeRTOS/Source/portable/MemMang/heap_4.c 0x00000000   Number         0  heap_4.o ABSOLUTE
    ../Middlewares/Third_Party/FreeRTOS/Source/portable/RVDS/ARM_CM4F/port.c 0x00000000   Number         0  port.o ABSOLUTE
    ../Middlewares/Third_Party/FreeRTOS/Source/queue.c 0x00000000   Number         0  queue.o ABSOLUTE
    ../Middlewares/Third_Party/FreeRTOS/Source/tasks.c 0x00000000   Number         0  tasks.o ABSOLUTE
    ../Middlewares/Third_Party/FreeRTOS/Source/timers.c 0x00000000   Number         0  timers.o ABSOLUTE
    ../Src/freertos.c                        0x00000000   Number         0  freertos.o ABSOLUTE
    ../Src/main.c                            0x00000000   Number         0  main.o ABSOLUTE
    ../Src/stm32f4xx_hal_msp.c               0x00000000   Number         0  stm32f4xx_hal_msp.o ABSOLUTE
    ../Src/stm32f4xx_hal_timebase_TIM.c      0x00000000   Number         0  stm32f4xx_hal_timebase_tim.o ABSOLUTE
    ../Src/stm32f4xx_it.c                    0x00000000   Number         0  stm32f4xx_it.o ABSOLUTE
    ../Src/system_stm32f4xx.c                0x00000000   Number         0  system_stm32f4xx.o ABSOLUTE
    ../clib/../cmprslib/zerorunl2.c          0x00000000   Number         0  __dczerorl2.o ABSOLUTE
    ../clib/microlib/init/entry.s            0x00000000   Number         0  entry10b.o ABSOLUTE
    ../clib/microlib/init/entry.s            0x00000000   Number         0  entry10a.o ABSOLUTE
    ../clib/microlib/init/entry.s            0x00000000   Number         0  entry9b.o ABSOLUTE
    ../clib/microlib/init/entry.s            0x00000000   Number         0  entry8b.o ABSOLUTE
    ../clib/microlib/init/entry.s            0x00000000   Number         0  entry8a.o ABSOLUTE
    ../clib/microlib/init/entry.s            0x00000000   Number         0  entry7b.o ABSOLUTE
    ../clib/microlib/init/entry.s            0x00000000   Number         0  entry7a.o ABSOLUTE
    ../clib/microlib/init/entry.s            0x00000000   Number         0  entry5.o ABSOLUTE
    ../clib/microlib/init/entry.s            0x00000000   Number         0  entry.o ABSOLUTE
    ../clib/microlib/init/entry.s            0x00000000   Number         0  entry2.o ABSOLUTE
    ../clib/microlib/init/entry.s            0x00000000   Number         0  entry9a.o ABSOLUTE
    ../clib/microlib/init/entry.s            0x00000000   Number         0  entry11b.o ABSOLUTE
    ../clib/microlib/init/entry.s            0x00000000   Number         0  entry11a.o ABSOLUTE
    ../clib/microlib/stdlib/abort.c          0x00000000   Number         0  abort.o ABSOLUTE
    ../clib/microlib/string/memcpy.c         0x00000000   Number         0  memcpya.o ABSOLUTE
    ../clib/microlib/string/memcpy.c         0x00000000   Number         0  memcpyb.o ABSOLUTE
    ../clib/microlib/string/memset.c         0x00000000   Number         0  memseta.o ABSOLUTE
    ..\Drivers\STM32F4xx_HAL_Driver\Src\stm32f4xx_hal.c 0x00000000   Number         0  stm32f4xx_hal.o ABSOLUTE
    ..\Drivers\STM32F4xx_HAL_Driver\Src\stm32f4xx_hal_cortex.c 0x00000000   Number         0  stm32f4xx_hal_cortex.o ABSOLUTE
    ..\Drivers\STM32F4xx_HAL_Driver\Src\stm32f4xx_hal_dma.c 0x00000000   Number         0  stm32f4xx_hal_dma.o ABSOLUTE
    ..\Drivers\STM32F4xx_HAL_Driver\Src\stm32f4xx_hal_dma_ex.c 0x00000000   Number         0  stm32f4xx_hal_dma_ex.o ABSOLUTE
    ..\Drivers\STM32F4xx_HAL_Driver\Src\stm32f4xx_hal_flash.c 0x00000000   Number         0  stm32f4xx_hal_flash.o ABSOLUTE
    ..\Drivers\STM32F4xx_HAL_Driver\Src\stm32f4xx_hal_flash_ex.c 0x00000000   Number         0  stm32f4xx_hal_flash_ex.o ABSOLUTE
    ..\Drivers\STM32F4xx_HAL_Driver\Src\stm32f4xx_hal_flash_ramfunc.c 0x00000000   Number         0  stm32f4xx_hal_flash_ramfunc.o ABSOLUTE
    ..\Drivers\STM32F4xx_HAL_Driver\Src\stm32f4xx_hal_gpio.c 0x00000000   Number         0  stm32f4xx_hal_gpio.o ABSOLUTE
    ..\Drivers\STM32F4xx_HAL_Driver\Src\stm32f4xx_hal_pwr.c 0x00000000   Number         0  stm32f4xx_hal_pwr.o ABSOLUTE
    ..\Drivers\STM32F4xx_HAL_Driver\Src\stm32f4xx_hal_pwr_ex.c 0x00000000   Number         0  stm32f4xx_hal_pwr_ex.o ABSOLUTE
    ..\Drivers\STM32F4xx_HAL_Driver\Src\stm32f4xx_hal_rcc.c 0x00000000   Number         0  stm32f4xx_hal_rcc.o ABSOLUTE
    ..\Drivers\STM32F4xx_HAL_Driver\Src\stm32f4xx_hal_rcc_ex.c 0x00000000   Number         0  stm32f4xx_hal_rcc_ex.o ABSOLUTE
    ..\Drivers\STM32F4xx_HAL_Driver\Src\stm32f4xx_hal_tim.c 0x00000000   Number         0  stm32f4xx_hal_tim.o ABSOLUTE
    ..\Drivers\STM32F4xx_HAL_Driver\Src\stm32f4xx_hal_tim_ex.c 0x00000000   Number         0  stm32f4xx_hal_tim_ex.o ABSOLUTE
    ..\Drivers\STM32F4xx_HAL_Driver\Src\stm32f4xx_hal_uart.c 0x00000000   Number         0  stm32f4xx_hal_uart.o ABSOLUTE
    ..\Middlewares\Third_Party\FreeRTOS\Source\CMSIS_RTOS\cmsis_os.c 0x00000000   Number         0  cmsis_os.o ABSOLUTE
    ..\Middlewares\Third_Party\FreeRTOS\Source\portable\RVDS\ARM_CM4F\port.c 0x00000000   Number         0  port.o ABSOLUTE
    ..\Middlewares\Third_Party\modbus\functions\mbfunccoils.c 0x00000000   Number         0  mbfunccoils.o ABSOLUTE
    ..\Middlewares\Third_Party\modbus\functions\mbfuncdiag.c 0x00000000   Number         0  mbfuncdiag.o ABSOLUTE
    ..\Middlewares\Third_Party\modbus\functions\mbfuncdisc.c 0x00000000   Number         0  mbfuncdisc.o ABSOLUTE
    ..\Middlewares\Third_Party\modbus\functions\mbfuncholding.c 0x00000000   Number         0  mbfuncholding.o ABSOLUTE
    ..\Middlewares\Third_Party\modbus\functions\mbfuncinput.c 0x00000000   Number         0  mbfuncinput.o ABSOLUTE
    ..\Middlewares\Third_Party\modbus\functions\mbfuncother.c 0x00000000   Number         0  mbfuncother.o ABSOLUTE
    ..\Middlewares\Third_Party\modbus\functions\mbutils.c 0x00000000   Number         0  mbutils.o ABSOLUTE
    ..\Middlewares\Third_Party\modbus\mb.c   0x00000000   Number         0  mb.o ABSOLUTE
    ..\Middlewares\Third_Party\modbus\port\portevent.c 0x00000000   Number         0  portevent.o ABSOLUTE
    ..\Middlewares\Third_Party\modbus\port\portserial.c 0x00000000   Number         0  portserial.o ABSOLUTE
    ..\Middlewares\Third_Party\modbus\port\porttimer.c 0x00000000   Number         0  porttimer.o ABSOLUTE
    ..\Middlewares\Third_Party\modbus\rtu\mbcrc.c 0x00000000   Number         0  mbcrc.o ABSOLUTE
    ..\Middlewares\Third_Party\modbus\rtu\mbrtu.c 0x00000000   Number         0  mbrtu.o ABSOLUTE
    ..\Src\main.c                            0x00000000   Number         0  main.o ABSOLUTE
    ..\Src\mdtask.c                          0x00000000   Number         0  mdtask.o ABSOLUTE
    ..\Src\stm32f4xx_hal_msp.c               0x00000000   Number         0  stm32f4xx_hal_msp.o ABSOLUTE
    ..\Src\stm32f4xx_hal_timebase_TIM.c      0x00000000   Number         0  stm32f4xx_hal_timebase_tim.o ABSOLUTE
    ..\Src\stm32f4xx_it.c                    0x00000000   Number         0  stm32f4xx_it.o ABSOLUTE
    ..\Src\system_stm32f4xx.c                0x00000000   Number         0  system_stm32f4xx.o ABSOLUTE
    ..\\Middlewares\\Third_Party\\modbus\\functions\\mbfunccoils.c 0x00000000   Number         0  mbfunccoils.o ABSOLUTE
    ..\\Middlewares\\Third_Party\\modbus\\functions\\mbfuncdisc.c 0x00000000   Number         0  mbfuncdisc.o ABSOLUTE
    ..\\Middlewares\\Third_Party\\modbus\\functions\\mbfuncholding.c 0x00000000   Number         0  mbfuncholding.o ABSOLUTE
    ..\\Middlewares\\Third_Party\\modbus\\functions\\mbfuncinput.c 0x00000000   Number         0  mbfuncinput.o ABSOLUTE
    ..\\Middlewares\\Third_Party\\modbus\\functions\\mbfuncother.c 0x00000000   Number         0  mbfuncother.o ABSOLUTE
    ..\\Middlewares\\Third_Party\\modbus\\functions\\mbutils.c 0x00000000   Number         0  mbutils.o ABSOLUTE
    ..\\Middlewares\\Third_Party\\modbus\\mb.c 0x00000000   Number         0  mb.o ABSOLUTE
    ..\\Middlewares\\Third_Party\\modbus\\port\\portevent.c 0x00000000   Number         0  portevent.o ABSOLUTE
    ..\\Middlewares\\Third_Party\\modbus\\port\\portserial.c 0x00000000   Number         0  portserial.o ABSOLUTE
    ..\\Middlewares\\Third_Party\\modbus\\port\\porttimer.c 0x00000000   Number         0  porttimer.o ABSOLUTE
    ..\\Middlewares\\Third_Party\\modbus\\rtu\\mbcrc.c 0x00000000   Number         0  mbcrc.o ABSOLUTE
    ..\\Middlewares\\Third_Party\\modbus\\rtu\\mbrtu.c 0x00000000   Number         0  mbrtu.o ABSOLUTE
    ..\\Src\\mdtask.c                        0x00000000   Number         0  mdtask.o ABSOLUTE
    dc.s                                     0x00000000   Number         0  dc.o ABSOLUTE
    handlers.s                               0x00000000   Number         0  handlers.o ABSOLUTE
    init.s                                   0x00000000   Number         0  init.o ABSOLUTE
    startup_stm32f407xx.s                    0x00000000   Number         0  startup_stm32f407xx.o ABSOLUTE
    RESET                                    0x08000000   Section      392  startup_stm32f407xx.o(RESET)
    .ARM.Collect$$$$00000000                 0x08000188   Section        0  entry.o(.ARM.Collect$$$$00000000)
    .ARM.Collect$$$$00000001                 0x08000188   Section        4  entry2.o(.ARM.Collect$$$$00000001)
    .ARM.Collect$$$$00000004                 0x0800018c   Section        4  entry5.o(.ARM.Collect$$$$00000004)
    .ARM.Collect$$$$00000008                 0x08000190   Section        0  entry7b.o(.ARM.Collect$$$$00000008)
    .ARM.Collect$$$$0000000A                 0x08000190   Section        0  entry8b.o(.ARM.Collect$$$$0000000A)
    .ARM.Collect$$$$0000000B                 0x08000190   Section        8  entry9a.o(.ARM.Collect$$$$0000000B)
    .ARM.Collect$$$$0000000D                 0x08000198   Section        0  entry10a.o(.ARM.Collect$$$$0000000D)
    .ARM.Collect$$$$0000000F                 0x08000198   Section        0  entry11a.o(.ARM.Collect$$$$0000000F)
    .ARM.Collect$$$$00002712                 0x08000198   Section        4  entry2.o(.ARM.Collect$$$$00002712)
    __lit__00000000                          0x08000198   Data           4  entry2.o(.ARM.Collect$$$$00002712)
    .emb_text                                0x0800019c   Section      186  port.o(.emb_text)
    $v0                                      0x0800019c   Number         0  port.o(.emb_text)
    .text                                    0x08000258   Section       36  startup_stm32f407xx.o(.text)
    $v0                                      0x08000258   Number         0  startup_stm32f407xx.o(.text)
    .text                                    0x0800027c   Section        0  memcpya.o(.text)
    .text                                    0x080002a0   Section        0  memseta.o(.text)
    .text                                    0x080002c4   Section       36  init.o(.text)
    .text                                    0x080002e8   Section        0  __dczerorl2.o(.text)
    i.HAL_DMA_Abort_IT                       0x0800033e   Section        0  stm32f4xx_hal_dma.o(i.HAL_DMA_Abort_IT)
    i.HAL_GPIO_Init                          0x08000364   Section        0  stm32f4xx_hal_gpio.o(i.HAL_GPIO_Init)
    i.HAL_GPIO_TogglePin                     0x08000514   Section        0  stm32f4xx_hal_gpio.o(i.HAL_GPIO_TogglePin)
    i.HAL_GPIO_WritePin                      0x0800051c   Section        0  stm32f4xx_hal_gpio.o(i.HAL_GPIO_WritePin)
    i.HAL_GetTick                            0x08000528   Section        0  stm32f4xx_hal.o(i.HAL_GetTick)
    i.HAL_IncTick                            0x08000534   Section        0  stm32f4xx_hal.o(i.HAL_IncTick)
    i.HAL_Init                               0x08000544   Section        0  stm32f4xx_hal.o(i.HAL_Init)
    i.HAL_InitTick                           0x08000578   Section        0  stm32f4xx_hal_timebase_tim.o(i.HAL_InitTick)
    i.HAL_MspInit                            0x080005ec   Section        0  stm32f4xx_hal_msp.o(i.HAL_MspInit)
    i.HAL_NVIC_EnableIRQ                     0x08000644   Section        0  stm32f4xx_hal_cortex.o(i.HAL_NVIC_EnableIRQ)
    i.HAL_NVIC_SetPriority                   0x0800065c   Section        0  stm32f4xx_hal_cortex.o(i.HAL_NVIC_SetPriority)
    i.HAL_NVIC_SetPriorityGrouping           0x0800069c   Section        0  stm32f4xx_hal_cortex.o(i.HAL_NVIC_SetPriorityGrouping)
    i.HAL_RCC_ClockConfig                    0x080006c0   Section        0  stm32f4xx_hal_rcc.o(i.HAL_RCC_ClockConfig)
    i.HAL_RCC_GetClockConfig                 0x0800083c   Section        0  stm32f4xx_hal_rcc.o(i.HAL_RCC_GetClockConfig)
    i.HAL_RCC_GetHCLKFreq                    0x0800087c   Section        0  stm32f4xx_hal_rcc.o(i.HAL_RCC_GetHCLKFreq)
    i.HAL_RCC_GetPCLK1Freq                   0x08000888   Section        0  stm32f4xx_hal_rcc.o(i.HAL_RCC_GetPCLK1Freq)
    i.HAL_RCC_GetPCLK2Freq                   0x080008b8   Section        0  stm32f4xx_hal_rcc.o(i.HAL_RCC_GetPCLK2Freq)
    i.HAL_RCC_GetSysClockFreq                0x080008e8   Section        0  stm32f4xx_hal_rcc.o(i.HAL_RCC_GetSysClockFreq)
    i.HAL_RCC_OscConfig                      0x08000958   Section        0  stm32f4xx_hal_rcc.o(i.HAL_RCC_OscConfig)
    i.HAL_SYSTICK_CLKSourceConfig            0x08000c6c   Section        0  stm32f4xx_hal_cortex.o(i.HAL_SYSTICK_CLKSourceConfig)
    i.HAL_SYSTICK_Config                     0x08000c84   Section        0  stm32f4xx_hal_cortex.o(i.HAL_SYSTICK_Config)
    i.HAL_TIMEx_BreakCallback                0x08000cac   Section        0  stm32f4xx_hal_tim_ex.o(i.HAL_TIMEx_BreakCallback)
    i.HAL_TIMEx_CommutationCallback          0x08000cae   Section        0  stm32f4xx_hal_tim_ex.o(i.HAL_TIMEx_CommutationCallback)
    i.HAL_TIMEx_MasterConfigSynchronization  0x08000cb0   Section        0  stm32f4xx_hal_tim_ex.o(i.HAL_TIMEx_MasterConfigSynchronization)
    i.HAL_TIM_Base_Init                      0x08000d00   Section        0  stm32f4xx_hal_tim.o(i.HAL_TIM_Base_Init)
    i.HAL_TIM_Base_MspInit                   0x08000d38   Section        0  stm32f4xx_hal_msp.o(i.HAL_TIM_Base_MspInit)
    i.HAL_TIM_Base_Start_IT                  0x08000d74   Section        0  stm32f4xx_hal_tim.o(i.HAL_TIM_Base_Start_IT)
    i.HAL_TIM_Base_Stop_IT                   0x08000d8c   Section        0  stm32f4xx_hal_tim.o(i.HAL_TIM_Base_Stop_IT)
    i.HAL_TIM_IC_CaptureCallback             0x08000db6   Section        0  stm32f4xx_hal_tim.o(i.HAL_TIM_IC_CaptureCallback)
    i.HAL_TIM_IRQHandler                     0x08000db8   Section        0  stm32f4xx_hal_tim.o(i.HAL_TIM_IRQHandler)
    i.HAL_TIM_OC_DelayElapsedCallback        0x08000f1e   Section        0  stm32f4xx_hal_tim.o(i.HAL_TIM_OC_DelayElapsedCallback)
    i.HAL_TIM_PWM_PulseFinishedCallback      0x08000f20   Section        0  stm32f4xx_hal_tim.o(i.HAL_TIM_PWM_PulseFinishedCallback)
    i.HAL_TIM_PeriodElapsedCallback          0x08000f24   Section        0  main.o(i.HAL_TIM_PeriodElapsedCallback)
    i.HAL_TIM_TriggerCallback                0x08000f38   Section        0  stm32f4xx_hal_tim.o(i.HAL_TIM_TriggerCallback)
    i.HAL_UART_ErrorCallback                 0x08000f3a   Section        0  stm32f4xx_hal_uart.o(i.HAL_UART_ErrorCallback)
    i.HAL_UART_IRQHandler                    0x08000f3c   Section        0  stm32f4xx_hal_uart.o(i.HAL_UART_IRQHandler)
    i.HAL_UART_Init                          0x0800104c   Section        0  stm32f4xx_hal_uart.o(i.HAL_UART_Init)
    i.HAL_UART_MspInit                       0x080010b0   Section        0  stm32f4xx_hal_msp.o(i.HAL_UART_MspInit)
    i.HAL_UART_RxCpltCallback                0x0800110c   Section        0  stm32f4xx_hal_uart.o(i.HAL_UART_RxCpltCallback)
    i.HAL_UART_Transmit                      0x0800110e   Section        0  stm32f4xx_hal_uart.o(i.HAL_UART_Transmit)
    i.HAL_UART_TxCpltCallback                0x080011c8   Section        0  stm32f4xx_hal_uart.o(i.HAL_UART_TxCpltCallback)
    i.MX_GPIO_Init                           0x080011cc   Section        0  main.o(i.MX_GPIO_Init)
    MX_GPIO_Init                             0x080011cd   Thumb Code   438  main.o(i.MX_GPIO_Init)
    i.ModbusRTUTask                          0x080013a0   Section        0  mdtask.o(i.ModbusRTUTask)
    i.NVIC_SetPriority                       0x080013e4   Section        0  stm32f4xx_hal_cortex.o(i.NVIC_SetPriority)
    NVIC_SetPriority                         0x080013e5   Thumb Code    32  stm32f4xx_hal_cortex.o(i.NVIC_SetPriority)
    i.StartDefaultTask                       0x08001404   Section        0  main.o(i.StartDefaultTask)
    i.SysTick_Handler                        0x08001424   Section        0  stm32f4xx_it.o(i.SysTick_Handler)
    i.SystemClock_Config                     0x08001428   Section        0  main.o(i.SystemClock_Config)
    i.SystemInit                             0x080014c8   Section        0  system_stm32f4xx.o(i.SystemInit)
    i.TIM6_DAC_IRQHandler                    0x0800151c   Section        0  stm32f4xx_it.o(i.TIM6_DAC_IRQHandler)
    i.TIM7_IRQHandler                        0x08001528   Section        0  stm32f4xx_it.o(i.TIM7_IRQHandler)
    i.TIM_Base_SetConfig                     0x0800156c   Section        0  stm32f4xx_hal_tim.o(i.TIM_Base_SetConfig)
    i.UART_DMAAbortOnError                   0x0800162c   Section        0  stm32f4xx_hal_uart.o(i.UART_DMAAbortOnError)
    UART_DMAAbortOnError                     0x0800162d   Thumb Code    16  stm32f4xx_hal_uart.o(i.UART_DMAAbortOnError)
    i.UART_EndRxTransfer                     0x0800163c   Section        0  stm32f4xx_hal_uart.o(i.UART_EndRxTransfer)
    UART_EndRxTransfer                       0x0800163d   Thumb Code    28  stm32f4xx_hal_uart.o(i.UART_EndRxTransfer)
    i.UART_Receive_IT                        0x08001658   Section        0  stm32f4xx_hal_uart.o(i.UART_Receive_IT)
    UART_Receive_IT                          0x08001659   Thumb Code   140  stm32f4xx_hal_uart.o(i.UART_Receive_IT)
    i.UART_SetConfig                         0x080016e4   Section        0  stm32f4xx_hal_uart.o(i.UART_SetConfig)
    UART_SetConfig                           0x080016e5   Thumb Code   676  stm32f4xx_hal_uart.o(i.UART_SetConfig)
    i.UART_Transmit_IT                       0x08001990   Section        0  stm32f4xx_hal_uart.o(i.UART_Transmit_IT)
    UART_Transmit_IT                         0x08001991   Thumb Code    98  stm32f4xx_hal_uart.o(i.UART_Transmit_IT)
    i.UART_WaitOnFlagUntilTimeout            0x080019f2   Section        0  stm32f4xx_hal_uart.o(i.UART_WaitOnFlagUntilTimeout)
    UART_WaitOnFlagUntilTimeout              0x080019f3   Thumb Code   100  stm32f4xx_hal_uart.o(i.UART_WaitOnFlagUntilTimeout)
    i.USART2_IRQHandler                      0x08001a58   Section        0  stm32f4xx_it.o(i.USART2_IRQHandler)
    i.__scatterload_copy                     0x08001ab0   Section       14  handlers.o(i.__scatterload_copy)
    i.__scatterload_null                     0x08001abe   Section        2  handlers.o(i.__scatterload_null)
    i.__scatterload_zeroinit                 0x08001ac0   Section       14  handlers.o(i.__scatterload_zeroinit)
    i.eMBEnable                              0x08001ad0   Section        0  mb.o(i.eMBEnable)
    i.eMBFuncReadCoils                       0x08001af0   Section        0  mbfunccoils.o(i.eMBFuncReadCoils)
    i.eMBFuncReadDiscreteInputs              0x08001b62   Section        0  mbfuncdisc.o(i.eMBFuncReadDiscreteInputs)
    i.eMBFuncReadHoldingRegister             0x08001bd4   Section        0  mbfuncholding.o(i.eMBFuncReadHoldingRegister)
    i.eMBFuncReadInputRegister               0x08001c32   Section        0  mbfuncinput.o(i.eMBFuncReadInputRegister)
    i.eMBFuncReadWriteMultipleHoldingRegister 0x08001c94   Section        0  mbfuncholding.o(i.eMBFuncReadWriteMultipleHoldingRegister)
    i.eMBFuncReportSlaveID                   0x08001d30   Section        0  mbfuncother.o(i.eMBFuncReportSlaveID)
    i.eMBFuncWriteCoil                       0x08001d54   Section        0  mbfunccoils.o(i.eMBFuncWriteCoil)
    i.eMBFuncWriteHoldingRegister            0x08001daa   Section        0  mbfuncholding.o(i.eMBFuncWriteHoldingRegister)
    i.eMBFuncWriteMultipleCoils              0x08001ddc   Section        0  mbfunccoils.o(i.eMBFuncWriteMultipleCoils)
    i.eMBFuncWriteMultipleHoldingRegister    0x08001e40   Section        0  mbfuncholding.o(i.eMBFuncWriteMultipleHoldingRegister)
    i.eMBInit                                0x08001e90   Section        0  mb.o(i.eMBInit)
    i.eMBPoll                                0x08001f10   Section        0  mb.o(i.eMBPoll)
    i.eMBRTUInit                             0x08001fc4   Section        0  mbrtu.o(i.eMBRTUInit)
    i.eMBRTUReceive                          0x08002004   Section        0  mbrtu.o(i.eMBRTUReceive)
    i.eMBRTUSend                             0x08002058   Section        0  mbrtu.o(i.eMBRTUSend)
    i.eMBRTUStart                            0x080020b4   Section        0  mbrtu.o(i.eMBRTUStart)
    i.eMBRTUStop                             0x080020d4   Section        0  mbrtu.o(i.eMBRTUStop)
    i.eMBRegCoilsCB                          0x080020e8   Section        0  mdtask.o(i.eMBRegCoilsCB)
    i.eMBRegDiscreteCB                       0x080020ec   Section        0  mdtask.o(i.eMBRegDiscreteCB)
    i.eMBRegHoldingCB                        0x080020f0   Section        0  mdtask.o(i.eMBRegHoldingCB)
    i.eMBRegInputCB                          0x080020f4   Section        0  mdtask.o(i.eMBRegInputCB)
    i.main                                   0x08002158   Section        0  main.o(i.main)
    i.makeFreeRtosPriority                   0x080021e4   Section        0  cmsis_os.o(i.makeFreeRtosPriority)
    makeFreeRtosPriority                     0x080021e5   Thumb Code    12  cmsis_os.o(i.makeFreeRtosPriority)
    i.osDelay                                0x080021f0   Section        0  cmsis_os.o(i.osDelay)
    i.osKernelStart                          0x080021fe   Section        0  cmsis_os.o(i.osKernelStart)
    i.osSystickHandler                       0x08002208   Section        0  cmsis_os.o(i.osSystickHandler)
    i.osThreadCreate                         0x0800221c   Section        0  cmsis_os.o(i.osThreadCreate)
    i.prvAddCurrentTaskToDelayedList         0x0800224c   Section        0  tasks.o(i.prvAddCurrentTaskToDelayedList)
    prvAddCurrentTaskToDelayedList           0x0800224d   Thumb Code   102  tasks.o(i.prvAddCurrentTaskToDelayedList)
    i.prvAddNewTaskToReadyList               0x080022bc   Section        0  tasks.o(i.prvAddNewTaskToReadyList)
    prvAddNewTaskToReadyList                 0x080022bd   Thumb Code   196  tasks.o(i.prvAddNewTaskToReadyList)
    i.prvCheckTasksWaitingTermination        0x0800238c   Section        0  tasks.o(i.prvCheckTasksWaitingTermination)
    prvCheckTasksWaitingTermination          0x0800238d   Thumb Code    70  tasks.o(i.prvCheckTasksWaitingTermination)
    i.prvDeleteTCB                           0x080023dc   Section        0  tasks.o(i.prvDeleteTCB)
    prvDeleteTCB                             0x080023dd   Thumb Code    20  tasks.o(i.prvDeleteTCB)
    i.prvHeapInit                            0x080023f0   Section        0  heap_4.o(i.prvHeapInit)
    prvHeapInit                              0x080023f1   Thumb Code    66  heap_4.o(i.prvHeapInit)
    i.prvIdleTask                            0x0800243c   Section        0  tasks.o(i.prvIdleTask)
    prvIdleTask                              0x0800243d   Thumb Code    30  tasks.o(i.prvIdleTask)
    i.prvInitialiseNewTask                   0x08002464   Section        0  tasks.o(i.prvInitialiseNewTask)
    prvInitialiseNewTask                     0x08002465   Thumb Code   156  tasks.o(i.prvInitialiseNewTask)
    i.prvInsertBlockIntoFreeList             0x08002500   Section        0  heap_4.o(i.prvInsertBlockIntoFreeList)
    prvInsertBlockIntoFreeList               0x08002501   Thumb Code    72  heap_4.o(i.prvInsertBlockIntoFreeList)
    i.prvResetNextTaskUnblockTime            0x0800254c   Section        0  tasks.o(i.prvResetNextTaskUnblockTime)
    prvResetNextTaskUnblockTime              0x0800254d   Thumb Code    26  tasks.o(i.prvResetNextTaskUnblockTime)
    i.prvTaskExitError                       0x0800256c   Section        0  port.o(i.prvTaskExitError)
    prvTaskExitError                         0x0800256d   Thumb Code    36  port.o(i.prvTaskExitError)
    i.prveMBError2Exception                  0x08002594   Section        0  mbutils.o(i.prveMBError2Exception)
    i.pvPortMalloc                           0x080025ac   Section        0  heap_4.o(i.pvPortMalloc)
    i.pxPortInitialiseStack                  0x08002684   Section        0  port.o(i.pxPortInitialiseStack)
    i.usMBCRC16                              0x080026b0   Section        0  mbcrc.o(i.usMBCRC16)
    i.uxListRemove                           0x080026dc   Section        0  list.o(i.uxListRemove)
    i.vListInitialise                        0x08002700   Section        0  list.o(i.vListInitialise)
    i.vListInitialiseItem                    0x08002716   Section        0  list.o(i.vListInitialiseItem)
    i.vListInsert                            0x0800271c   Section        0  list.o(i.vListInsert)
    i.vListInsertEnd                         0x0800274c   Section        0  list.o(i.vListInsertEnd)
    i.vMBPortSerialEnable                    0x08002764   Section        0  portserial.o(i.vMBPortSerialEnable)
    i.vMBPortTimersDisable                   0x08002794   Section        0  porttimer.o(i.vMBPortTimersDisable)
    i.vMBPortTimersEnable                    0x080027a0   Section        0  porttimer.o(i.vMBPortTimersEnable)
    i.vPortEnterCritical                     0x080027b4   Section        0  port.o(i.vPortEnterCritical)
    i.vPortExitCritical                      0x080027f4   Section        0  port.o(i.vPortExitCritical)
    i.vPortFree                              0x0800281c   Section        0  heap_4.o(i.vPortFree)
    i.vPortSetupTimerInterrupt               0x08002878   Section        0  port.o(i.vPortSetupTimerInterrupt)
    i.vTaskDelay                             0x08002898   Section        0  tasks.o(i.vTaskDelay)
    i.vTaskStartScheduler                    0x080028e4   Section        0  tasks.o(i.vTaskStartScheduler)
    i.vTaskSuspendAll                        0x0800294c   Section        0  tasks.o(i.vTaskSuspendAll)
    i.vTaskSwitchContext                     0x0800295c   Section        0  tasks.o(i.vTaskSwitchContext)
    i.xMBPortEventGet                        0x080029b8   Section        0  portevent.o(i.xMBPortEventGet)
    i.xMBPortEventInit                       0x080029d4   Section        0  portevent.o(i.xMBPortEventInit)
    i.xMBPortEventPost                       0x080029e4   Section        0  portevent.o(i.xMBPortEventPost)
    i.xMBPortSerialGetByte                   0x080029f4   Section        0  portserial.o(i.xMBPortSerialGetByte)
    i.xMBPortSerialInit                      0x08002a04   Section        0  portserial.o(i.xMBPortSerialInit)
    i.xMBPortSerialPutByte                   0x08002a08   Section        0  portserial.o(i.xMBPortSerialPutByte)
    i.xMBPortTimersInit                      0x08002a24   Section        0  porttimer.o(i.xMBPortTimersInit)
    i.xMBRTUReceiveFSM                       0x08002a78   Section        0  mbrtu.o(i.xMBRTUReceiveFSM)
    i.xMBRTUTimerT35Expired                  0x08002ae0   Section        0  mbrtu.o(i.xMBRTUTimerT35Expired)
    i.xMBRTUTransmitFSM                      0x08002b20   Section        0  mbrtu.o(i.xMBRTUTransmitFSM)
    i.xPortStartScheduler                    0x08002b7c   Section        0  port.o(i.xPortStartScheduler)
    i.xPortSysTickHandler                    0x08002c5c   Section        0  port.o(i.xPortSysTickHandler)
    i.xTaskCreate                            0x08002c88   Section        0  tasks.o(i.xTaskCreate)
    i.xTaskGetSchedulerState                 0x08002ce0   Section        0  tasks.o(i.xTaskGetSchedulerState)
    i.xTaskIncrementTick                     0x08002cfc   Section        0  tasks.o(i.xTaskIncrementTick)
    i.xTaskResumeAll                         0x08002dc4   Section        0  tasks.o(i.xTaskResumeAll)
    .constdata                               0x08002e88   Section       40  main.o(.constdata)
    .constdata                               0x08002eb0   Section       16  system_stm32f4xx.o(.constdata)
    .constdata                               0x08002ec0   Section        8  system_stm32f4xx.o(.constdata)
    .constdata                               0x08002ec8   Section      512  mbcrc.o(.constdata)
    aucCRCHi                                 0x08002ec8   Data         256  mbcrc.o(.constdata)
    aucCRCLo                                 0x08002fc8   Data         256  mbcrc.o(.constdata)
    .conststring                             0x080030c8   Section       28  main.o(.conststring)
    .data                                    0x20000000   Section        4  main.o(.data)
    .data                                    0x20000004   Section        2  mdtask.o(.data)
    usRegInputStart                          0x20000004   Data           2  mdtask.o(.data)
    .data                                    0x20000008   Section       60  tasks.o(.data)
    uxDeletedTasksWaitingCleanUp             0x2000000c   Data           4  tasks.o(.data)
    uxCurrentNumberOfTasks                   0x20000010   Data           4  tasks.o(.data)
    xTickCount                               0x20000014   Data           4  tasks.o(.data)
    uxTopReadyPriority                       0x20000018   Data           4  tasks.o(.data)
    xSchedulerRunning                        0x2000001c   Data           4  tasks.o(.data)
    uxPendedTicks                            0x20000020   Data           4  tasks.o(.data)
    xYieldPending                            0x20000024   Data           4  tasks.o(.data)
    xNumOfOverflows                          0x20000028   Data           4  tasks.o(.data)
    uxTaskNumber                             0x2000002c   Data           4  tasks.o(.data)
    xNextTaskUnblockTime                     0x20000030   Data           4  tasks.o(.data)
    xIdleTaskHandle                          0x20000034   Data           4  tasks.o(.data)
    uxSchedulerSuspended                     0x20000038   Data           4  tasks.o(.data)
    pxDelayedTaskList                        0x2000003c   Data           4  tasks.o(.data)
    pxOverflowDelayedTaskList                0x20000040   Data           4  tasks.o(.data)
    .data                                    0x20000044   Section       24  heap_4.o(.data)
    pxEnd                                    0x20000044   Data           4  heap_4.o(.data)
    xFreeBytesRemaining                      0x20000048   Data           4  heap_4.o(.data)
    xMinimumEverFreeBytesRemaining           0x2000004c   Data           4  heap_4.o(.data)
    xBlockAllocatedBit                       0x20000050   Data           4  heap_4.o(.data)
    xStart                                   0x20000054   Data           8  heap_4.o(.data)
    .data                                    0x2000005c   Section       12  port.o(.data)
    ucMaxSysCallPriority                     0x2000005c   Data           1  port.o(.data)
    uxCriticalNesting                        0x20000060   Data           4  port.o(.data)
    ulMaxPRIGROUPValue                       0x20000064   Data           4  port.o(.data)
    .data                                    0x20000068   Section        4  system_stm32f4xx.o(.data)
    .data                                    0x2000006c   Section        4  stm32f4xx_hal.o(.data)
    .data                                    0x20000070   Section        2  mbfuncother.o(.data)
    usMBSlaveIDLen                           0x20000070   Data           2  mbfuncother.o(.data)
    .data                                    0x20000072   Section        2  portevent.o(.data)
    eQueuedEvent                             0x20000072   Data           1  portevent.o(.data)
    xEventInQueue                            0x20000073   Data           1  portevent.o(.data)
    .data                                    0x20000074   Section        4  porttimer.o(.data)
    .data                                    0x20000078   Section       12  mbrtu.o(.data)
    eSndState                                0x20000078   Data           1  mbrtu.o(.data)
    eRcvState                                0x20000079   Data           1  mbrtu.o(.data)
    usSndBufferCount                         0x2000007a   Data           2  mbrtu.o(.data)
    usRcvBufferPos                           0x2000007c   Data           2  mbrtu.o(.data)
    pucSndBufferCur                          0x20000080   Data           4  mbrtu.o(.data)
    .data                                    0x20000084   Section      172  mb.o(.data)
    eMBState                                 0x20000084   Data           1  mb.o(.data)
    ucRcvAddress                             0x20000085   Data           1  mb.o(.data)
    ucFunctionCode                           0x20000086   Data           1  mb.o(.data)
    eException                               0x20000087   Data           1  mb.o(.data)
    ucMBAddress                              0x20000088   Data           1  mb.o(.data)
    eMBCurrentMode                           0x20000089   Data           1  mb.o(.data)
    usLength                                 0x2000008a   Data           2  mb.o(.data)
    ucMBFrame                                0x2000008c   Data           4  mb.o(.data)
    peMBFrameSendCur                         0x20000090   Data           4  mb.o(.data)
    pvMBFrameStartCur                        0x20000094   Data           4  mb.o(.data)
    pvMBFrameStopCur                         0x20000098   Data           4  mb.o(.data)
    peMBFrameReceiveCur                      0x2000009c   Data           4  mb.o(.data)
    pvMBFrameCloseCur                        0x200000a0   Data           4  mb.o(.data)
    xFuncHandlers                            0x200000b0   Data         128  mb.o(.data)
    .bss                                     0x20000130   Section      124  main.o(.bss)
    .bss                                     0x200001ac   Section       60  stm32f4xx_hal_timebase_tim.o(.bss)
    .bss                                     0x200001e8   Section       16  mdtask.o(.bss)
    usRegInputBuf                            0x200001e8   Data          16  mdtask.o(.bss)
    .bss                                     0x200001f8   Section      240  tasks.o(.bss)
    pxReadyTasksLists                        0x200001f8   Data         140  tasks.o(.bss)
    xDelayedTaskList1                        0x20000284   Data          20  tasks.o(.bss)
    xDelayedTaskList2                        0x20000298   Data          20  tasks.o(.bss)
    xPendingReadyList                        0x200002ac   Data          20  tasks.o(.bss)
    xTasksWaitingTermination                 0x200002c0   Data          20  tasks.o(.bss)
    xSuspendedTaskList                       0x200002d4   Data          20  tasks.o(.bss)
    .bss                                     0x200002e8   Section    15360  heap_4.o(.bss)
    ucHeap                                   0x200002e8   Data       15360  heap_4.o(.bss)
    .bss                                     0x20003ee8   Section       32  mbfuncother.o(.bss)
    ucMBSlaveID                              0x20003ee8   Data          32  mbfuncother.o(.bss)
    .bss                                     0x20003f08   Section      256  mbrtu.o(.bss)
    STACK                                    0x20004008   Section     1024  startup_stm32f407xx.o(STACK)

    Global Symbols

    Symbol Name                              Value     Ov Type        Size  Object(Section)

    BuildAttributes$$THM_ISAv4$E$P$D$K$B$S$7EM$VFPi3$EXTD16$VFPS$VFMA$PE$A:L22UL41UL21$X:L11$S22US41US21$IEEE1$IW$USESV6$~STKCKD$USESV7$~SHL$OSPACE$EBA8$MICROLIB$REQ8$PRES8$EABIv2 0x00000000   Number         0  anon$$obj.o ABSOLUTE
    __ARM_use_no_argv                        0x00000000   Number         0  main.o ABSOLUTE
    __cpp_initialize__aeabi_                  - Undefined Weak Reference
    __cxa_finalize                            - Undefined Weak Reference
    _clock_init                               - Undefined Weak Reference
    _microlib_exit                            - Undefined Weak Reference
    __Vectors_Size                           0x00000188   Number         0  startup_stm32f407xx.o ABSOLUTE
    __Vectors                                0x08000000   Data           4  startup_stm32f407xx.o(RESET)
    __Vectors_End                            0x08000188   Data           0  startup_stm32f407xx.o(RESET)
    __main                                   0x08000189   Thumb Code     0  entry.o(.ARM.Collect$$$$00000000)
    _main_stk                                0x08000189   Thumb Code     0  entry2.o(.ARM.Collect$$$$00000001)
    _main_scatterload                        0x0800018d   Thumb Code     0  entry5.o(.ARM.Collect$$$$00000004)
    __main_after_scatterload                 0x08000191   Thumb Code     0  entry5.o(.ARM.Collect$$$$00000004)
    _main_clock                              0x08000191   Thumb Code     0  entry7b.o(.ARM.Collect$$$$00000008)
    _main_cpp_init                           0x08000191   Thumb Code     0  entry8b.o(.ARM.Collect$$$$0000000A)
    _main_init                               0x08000191   Thumb Code     0  entry9a.o(.ARM.Collect$$$$0000000B)
    __rt_final_cpp                           0x08000199   Thumb Code     0  entry10a.o(.ARM.Collect$$$$0000000D)
    __rt_final_exit                          0x08000199   Thumb Code     0  entry11a.o(.ARM.Collect$$$$0000000F)
    SVC_Handler                              0x0800019d   Thumb Code    28  port.o(.emb_text)
    __asm___6_port_c_39a90d8d__prvStartFirstTask 0x080001bd   Thumb Code    28  port.o(.emb_text)
    __asm___6_port_c_39a90d8d__prvEnableVFP  0x080001dd   Thumb Code    16  port.o(.emb_text)
    PendSV_Handler                           0x080001f1   Thumb Code    92  port.o(.emb_text)
    vPortGetIPSR                             0x08000251   Thumb Code     6  port.o(.emb_text)
    Reset_Handler                            0x08000259   Thumb Code     8  startup_stm32f407xx.o(.text)
    NMI_Handler                              0x08000261   Thumb Code     2  startup_stm32f407xx.o(.text)
    HardFault_Handler                        0x08000263   Thumb Code     2  startup_stm32f407xx.o(.text)
    MemManage_Handler                        0x08000265   Thumb Code     2  startup_stm32f407xx.o(.text)
    BusFault_Handler                         0x08000267   Thumb Code     2  startup_stm32f407xx.o(.text)
    UsageFault_Handler                       0x08000269   Thumb Code     2  startup_stm32f407xx.o(.text)
    DebugMon_Handler                         0x0800026d   Thumb Code     2  startup_stm32f407xx.o(.text)
    ADC_IRQHandler                           0x08000273   Thumb Code     0  startup_stm32f407xx.o(.text)
    CAN1_RX0_IRQHandler                      0x08000273   Thumb Code     0  startup_stm32f407xx.o(.text)
    CAN1_RX1_IRQHandler                      0x08000273   Thumb Code     0  startup_stm32f407xx.o(.text)
    CAN1_SCE_IRQHandler                      0x08000273   Thumb Code     0  startup_stm32f407xx.o(.text)
    CAN1_TX_IRQHandler                       0x08000273   Thumb Code     0  startup_stm32f407xx.o(.text)
    CAN2_RX0_IRQHandler                      0x08000273   Thumb Code     0  startup_stm32f407xx.o(.text)
    CAN2_RX1_IRQHandler                      0x08000273   Thumb Code     0  startup_stm32f407xx.o(.text)
    CAN2_SCE_IRQHandler                      0x08000273   Thumb Code     0  startup_stm32f407xx.o(.text)
    CAN2_TX_IRQHandler                       0x08000273   Thumb Code     0  startup_stm32f407xx.o(.text)
    DCMI_IRQHandler                          0x08000273   Thumb Code     0  startup_stm32f407xx.o(.text)
    DMA1_Stream0_IRQHandler                  0x08000273   Thumb Code     0  startup_stm32f407xx.o(.text)
    DMA1_Stream1_IRQHandler                  0x08000273   Thumb Code     0  startup_stm32f407xx.o(.text)
    DMA1_Stream2_IRQHandler                  0x08000273   Thumb Code     0  startup_stm32f407xx.o(.text)
    DMA1_Stream3_IRQHandler                  0x08000273   Thumb Code     0  startup_stm32f407xx.o(.text)
    DMA1_Stream4_IRQHandler                  0x08000273   Thumb Code     0  startup_stm32f407xx.o(.text)
    DMA1_Stream5_IRQHandler                  0x08000273   Thumb Code     0  startup_stm32f407xx.o(.text)
    DMA1_Stream6_IRQHandler                  0x08000273   Thumb Code     0  startup_stm32f407xx.o(.text)
    DMA1_Stream7_IRQHandler                  0x08000273   Thumb Code     0  startup_stm32f407xx.o(.text)
    DMA2_Stream0_IRQHandler                  0x08000273   Thumb Code     0  startup_stm32f407xx.o(.text)
    DMA2_Stream1_IRQHandler                  0x08000273   Thumb Code     0  startup_stm32f407xx.o(.text)
    DMA2_Stream2_IRQHandler                  0x08000273   Thumb Code     0  startup_stm32f407xx.o(.text)
    DMA2_Stream3_IRQHandler                  0x08000273   Thumb Code     0  startup_stm32f407xx.o(.text)
    DMA2_Stream4_IRQHandler                  0x08000273   Thumb Code     0  startup_stm32f407xx.o(.text)
    DMA2_Stream5_IRQHandler                  0x08000273   Thumb Code     0  startup_stm32f407xx.o(.text)
    DMA2_Stream6_IRQHandler                  0x08000273   Thumb Code     0  startup_stm32f407xx.o(.text)
    DMA2_Stream7_IRQHandler                  0x08000273   Thumb Code     0  startup_stm32f407xx.o(.text)
    ETH_IRQHandler                           0x08000273   Thumb Code     0  startup_stm32f407xx.o(.text)
    ETH_WKUP_IRQHandler                      0x08000273   Thumb Code     0  startup_stm32f407xx.o(.text)
    EXTI0_IRQHandler                         0x08000273   Thumb Code     0  startup_stm32f407xx.o(.text)
    EXTI15_10_IRQHandler                     0x08000273   Thumb Code     0  startup_stm32f407xx.o(.text)
    EXTI1_IRQHandler                         0x08000273   Thumb Code     0  startup_stm32f407xx.o(.text)
    EXTI2_IRQHandler                         0x08000273   Thumb Code     0  startup_stm32f407xx.o(.text)
    EXTI3_IRQHandler                         0x08000273   Thumb Code     0  startup_stm32f407xx.o(.text)
    EXTI4_IRQHandler                         0x08000273   Thumb Code     0  startup_stm32f407xx.o(.text)
    EXTI9_5_IRQHandler                       0x08000273   Thumb Code     0  startup_stm32f407xx.o(.text)
    FLASH_IRQHandler                         0x08000273   Thumb Code     0  startup_stm32f407xx.o(.text)
    FMC_IRQHandler                           0x08000273   Thumb Code     0  startup_stm32f407xx.o(.text)
    FPU_IRQHandler                           0x08000273   Thumb Code     0  startup_stm32f407xx.o(.text)
    HASH_RNG_IRQHandler                      0x08000273   Thumb Code     0  startup_stm32f407xx.o(.text)
    I2C1_ER_IRQHandler                       0x08000273   Thumb Code     0  startup_stm32f407xx.o(.text)
    I2C1_EV_IRQHandler                       0x08000273   Thumb Code     0  startup_stm32f407xx.o(.text)
    I2C2_ER_IRQHandler                       0x08000273   Thumb Code     0  startup_stm32f407xx.o(.text)
    I2C2_EV_IRQHandler                       0x08000273   Thumb Code     0  startup_stm32f407xx.o(.text)
    I2C3_ER_IRQHandler                       0x08000273   Thumb Code     0  startup_stm32f407xx.o(.text)
    I2C3_EV_IRQHandler                       0x08000273   Thumb Code     0  startup_stm32f407xx.o(.text)
    OTG_FS_IRQHandler                        0x08000273   Thumb Code     0  startup_stm32f407xx.o(.text)
    OTG_FS_WKUP_IRQHandler                   0x08000273   Thumb Code     0  startup_stm32f407xx.o(.text)
    OTG_HS_EP1_IN_IRQHandler                 0x08000273   Thumb Code     0  startup_stm32f407xx.o(.text)
    OTG_HS_EP1_OUT_IRQHandler                0x08000273   Thumb Code     0  startup_stm32f407xx.o(.text)
    OTG_HS_IRQHandler                        0x08000273   Thumb Code     0  startup_stm32f407xx.o(.text)
    OTG_HS_WKUP_IRQHandler                   0x08000273   Thumb Code     0  startup_stm32f407xx.o(.text)
    PVD_IRQHandler                           0x08000273   Thumb Code     0  startup_stm32f407xx.o(.text)
    RCC_IRQHandler                           0x08000273   Thumb Code     0  startup_stm32f407xx.o(.text)
    RTC_Alarm_IRQHandler                     0x08000273   Thumb Code     0  startup_stm32f407xx.o(.text)
    RTC_WKUP_IRQHandler                      0x08000273   Thumb Code     0  startup_stm32f407xx.o(.text)
    SDIO_IRQHandler                          0x08000273   Thumb Code     0  startup_stm32f407xx.o(.text)
    SPI1_IRQHandler                          0x08000273   Thumb Code     0  startup_stm32f407xx.o(.text)
    SPI2_IRQHandler                          0x08000273   Thumb Code     0  startup_stm32f407xx.o(.text)
    SPI3_IRQHandler                          0x08000273   Thumb Code     0  startup_stm32f407xx.o(.text)
    TAMP_STAMP_IRQHandler                    0x08000273   Thumb Code     0  startup_stm32f407xx.o(.text)
    TIM1_BRK_TIM9_IRQHandler                 0x08000273   Thumb Code     0  startup_stm32f407xx.o(.text)
    TIM1_CC_IRQHandler                       0x08000273   Thumb Code     0  startup_stm32f407xx.o(.text)
    TIM1_TRG_COM_TIM11_IRQHandler            0x08000273   Thumb Code     0  startup_stm32f407xx.o(.text)
    TIM1_UP_TIM10_IRQHandler                 0x08000273   Thumb Code     0  startup_stm32f407xx.o(.text)
    TIM2_IRQHandler                          0x08000273   Thumb Code     0  startup_stm32f407xx.o(.text)
    TIM3_IRQHandler                          0x08000273   Thumb Code     0  startup_stm32f407xx.o(.text)
    TIM4_IRQHandler                          0x08000273   Thumb Code     0  startup_stm32f407xx.o(.text)
    TIM5_IRQHandler                          0x08000273   Thumb Code     0  startup_stm32f407xx.o(.text)
    TIM8_BRK_TIM12_IRQHandler                0x08000273   Thumb Code     0  startup_stm32f407xx.o(.text)
    TIM8_CC_IRQHandler                       0x08000273   Thumb Code     0  startup_stm32f407xx.o(.text)
    TIM8_TRG_COM_TIM14_IRQHandler            0x08000273   Thumb Code     0  startup_stm32f407xx.o(.text)
    TIM8_UP_TIM13_IRQHandler                 0x08000273   Thumb Code     0  startup_stm32f407xx.o(.text)
    UART4_IRQHandler                         0x08000273   Thumb Code     0  startup_stm32f407xx.o(.text)
    UART5_IRQHandler                         0x08000273   Thumb Code     0  startup_stm32f407xx.o(.text)
    USART1_IRQHandler                        0x08000273   Thumb Code     0  startup_stm32f407xx.o(.text)
    USART3_IRQHandler                        0x08000273   Thumb Code     0  startup_stm32f407xx.o(.text)
    USART6_IRQHandler                        0x08000273   Thumb Code     0  startup_stm32f407xx.o(.text)
    WWDG_IRQHandler                          0x08000273   Thumb Code     0  startup_stm32f407xx.o(.text)
    __aeabi_memcpy                           0x0800027d   Thumb Code    36  memcpya.o(.text)
    __aeabi_memcpy4                          0x0800027d   Thumb Code     0  memcpya.o(.text)
    __aeabi_memcpy8                          0x0800027d   Thumb Code     0  memcpya.o(.text)
    __aeabi_memset                           0x080002a1   Thumb Code    14  memseta.o(.text)
    __aeabi_memset4                          0x080002a1   Thumb Code     0  memseta.o(.text)
    __aeabi_memset8                          0x080002a1   Thumb Code     0  memseta.o(.text)
    __aeabi_memclr                           0x080002af   Thumb Code     4  memseta.o(.text)
    __aeabi_memclr4                          0x080002af   Thumb Code     0  memseta.o(.text)
    __aeabi_memclr8                          0x080002af   Thumb Code     0  memseta.o(.text)
    _memset$wrapper                          0x080002b3   Thumb Code    18  memseta.o(.text)
    __scatterload                            0x080002c5   Thumb Code    28  init.o(.text)
    __scatterload_rt2                        0x080002c5   Thumb Code     0  init.o(.text)
    __decompress                             0x080002e9   Thumb Code     0  __dczerorl2.o(.text)
    __decompress1                            0x080002e9   Thumb Code    86  __dczerorl2.o(.text)
    HAL_DMA_Abort_IT                         0x0800033f   Thumb Code    36  stm32f4xx_hal_dma.o(i.HAL_DMA_Abort_IT)
    HAL_GPIO_Init                            0x08000365   Thumb Code   388  stm32f4xx_hal_gpio.o(i.HAL_GPIO_Init)
    HAL_GPIO_TogglePin                       0x08000515   Thumb Code     8  stm32f4xx_hal_gpio.o(i.HAL_GPIO_TogglePin)
    HAL_GPIO_WritePin                        0x0800051d   Thumb Code    10  stm32f4xx_hal_gpio.o(i.HAL_GPIO_WritePin)
    HAL_GetTick                              0x08000529   Thumb Code     6  stm32f4xx_hal.o(i.HAL_GetTick)
    HAL_IncTick                              0x08000535   Thumb Code    10  stm32f4xx_hal.o(i.HAL_IncTick)
    HAL_Init                                 0x08000545   Thumb Code    48  stm32f4xx_hal.o(i.HAL_Init)
    HAL_InitTick                             0x08000579   Thumb Code   100  stm32f4xx_hal_timebase_tim.o(i.HAL_InitTick)
    HAL_MspInit                              0x080005ed   Thumb Code    88  stm32f4xx_hal_msp.o(i.HAL_MspInit)
    HAL_NVIC_EnableIRQ                       0x08000645   Thumb Code    22  stm32f4xx_hal_cortex.o(i.HAL_NVIC_EnableIRQ)
    HAL_NVIC_SetPriority                     0x0800065d   Thumb Code    60  stm32f4xx_hal_cortex.o(i.HAL_NVIC_SetPriority)
    HAL_NVIC_SetPriorityGrouping             0x0800069d   Thumb Code    26  stm32f4xx_hal_cortex.o(i.HAL_NVIC_SetPriorityGrouping)
    HAL_RCC_ClockConfig                      0x080006c1   Thumb Code   364  stm32f4xx_hal_rcc.o(i.HAL_RCC_ClockConfig)
    HAL_RCC_GetClockConfig                   0x0800083d   Thumb Code    54  stm32f4xx_hal_rcc.o(i.HAL_RCC_GetClockConfig)
    HAL_RCC_GetHCLKFreq                      0x0800087d   Thumb Code     6  stm32f4xx_hal_rcc.o(i.HAL_RCC_GetHCLKFreq)
    HAL_RCC_GetPCLK1Freq                     0x08000889   Thumb Code    34  stm32f4xx_hal_rcc.o(i.HAL_RCC_GetPCLK1Freq)
    HAL_RCC_GetPCLK2Freq                     0x080008b9   Thumb Code    34  stm32f4xx_hal_rcc.o(i.HAL_RCC_GetPCLK2Freq)
    HAL_RCC_GetSysClockFreq                  0x080008e9   Thumb Code   104  stm32f4xx_hal_rcc.o(i.HAL_RCC_GetSysClockFreq)
    HAL_RCC_OscConfig                        0x08000959   Thumb Code   770  stm32f4xx_hal_rcc.o(i.HAL_RCC_OscConfig)
    HAL_SYSTICK_CLKSourceConfig              0x08000c6d   Thumb Code    24  stm32f4xx_hal_cortex.o(i.HAL_SYSTICK_CLKSourceConfig)
    HAL_SYSTICK_Config                       0x08000c85   Thumb Code    40  stm32f4xx_hal_cortex.o(i.HAL_SYSTICK_Config)
    HAL_TIMEx_BreakCallback                  0x08000cad   Thumb Code     2  stm32f4xx_hal_tim_ex.o(i.HAL_TIMEx_BreakCallback)
    HAL_TIMEx_CommutationCallback            0x08000caf   Thumb Code     2  stm32f4xx_hal_tim_ex.o(i.HAL_TIMEx_CommutationCallback)
    HAL_TIMEx_MasterConfigSynchronization    0x08000cb1   Thumb Code    80  stm32f4xx_hal_tim_ex.o(i.HAL_TIMEx_MasterConfigSynchronization)
    HAL_TIM_Base_Init                        0x08000d01   Thumb Code    54  stm32f4xx_hal_tim.o(i.HAL_TIM_Base_Init)
    HAL_TIM_Base_MspInit                     0x08000d39   Thumb Code    50  stm32f4xx_hal_msp.o(i.HAL_TIM_Base_MspInit)
    HAL_TIM_Base_Start_IT                    0x08000d75   Thumb Code    24  stm32f4xx_hal_tim.o(i.HAL_TIM_Base_Start_IT)
    HAL_TIM_Base_Stop_IT                     0x08000d8d   Thumb Code    42  stm32f4xx_hal_tim.o(i.HAL_TIM_Base_Stop_IT)
    HAL_TIM_IC_CaptureCallback               0x08000db7   Thumb Code     2  stm32f4xx_hal_tim.o(i.HAL_TIM_IC_CaptureCallback)
    HAL_TIM_IRQHandler                       0x08000db9   Thumb Code   358  stm32f4xx_hal_tim.o(i.HAL_TIM_IRQHandler)
    HAL_TIM_OC_DelayElapsedCallback          0x08000f1f   Thumb Code     2  stm32f4xx_hal_tim.o(i.HAL_TIM_OC_DelayElapsedCallback)
    HAL_TIM_PWM_PulseFinishedCallback        0x08000f21   Thumb Code     2  stm32f4xx_hal_tim.o(i.HAL_TIM_PWM_PulseFinishedCallback)
    HAL_TIM_PeriodElapsedCallback            0x08000f25   Thumb Code    14  main.o(i.HAL_TIM_PeriodElapsedCallback)
    HAL_TIM_TriggerCallback                  0x08000f39   Thumb Code     2  stm32f4xx_hal_tim.o(i.HAL_TIM_TriggerCallback)
    HAL_UART_ErrorCallback                   0x08000f3b   Thumb Code     2  stm32f4xx_hal_uart.o(i.HAL_UART_ErrorCallback)
    HAL_UART_IRQHandler                      0x08000f3d   Thumb Code   266  stm32f4xx_hal_uart.o(i.HAL_UART_IRQHandler)
    HAL_UART_Init                            0x0800104d   Thumb Code    98  stm32f4xx_hal_uart.o(i.HAL_UART_Init)
    HAL_UART_MspInit                         0x080010b1   Thumb Code    78  stm32f4xx_hal_msp.o(i.HAL_UART_MspInit)
    HAL_UART_RxCpltCallback                  0x0800110d   Thumb Code     2  stm32f4xx_hal_uart.o(i.HAL_UART_RxCpltCallback)
    HAL_UART_Transmit                        0x0800110f   Thumb Code   186  stm32f4xx_hal_uart.o(i.HAL_UART_Transmit)
    HAL_UART_TxCpltCallback                  0x080011c9   Thumb Code     2  stm32f4xx_hal_uart.o(i.HAL_UART_TxCpltCallback)
    ModbusRTUTask                            0x080013a1   Thumb Code    62  mdtask.o(i.ModbusRTUTask)
    StartDefaultTask                         0x08001405   Thumb Code    28  main.o(i.StartDefaultTask)
    SysTick_Handler                          0x08001425   Thumb Code     4  stm32f4xx_it.o(i.SysTick_Handler)
    SystemClock_Config                       0x08001429   Thumb Code   150  main.o(i.SystemClock_Config)
    SystemInit                               0x080014c9   Thumb Code    66  system_stm32f4xx.o(i.SystemInit)
    TIM6_DAC_IRQHandler                      0x0800151d   Thumb Code     6  stm32f4xx_it.o(i.TIM6_DAC_IRQHandler)
    TIM7_IRQHandler                          0x08001529   Thumb Code    56  stm32f4xx_it.o(i.TIM7_IRQHandler)
    TIM_Base_SetConfig                       0x0800156d   Thumb Code   148  stm32f4xx_hal_tim.o(i.TIM_Base_SetConfig)
    USART2_IRQHandler                        0x08001a59   Thumb Code    74  stm32f4xx_it.o(i.USART2_IRQHandler)
    __scatterload_copy                       0x08001ab1   Thumb Code    14  handlers.o(i.__scatterload_copy)
    __scatterload_null                       0x08001abf   Thumb Code     2  handlers.o(i.__scatterload_null)
    __scatterload_zeroinit                   0x08001ac1   Thumb Code    14  handlers.o(i.__scatterload_zeroinit)
    eMBEnable                                0x08001ad1   Thumb Code    28  mb.o(i.eMBEnable)
    eMBFuncReadCoils                         0x08001af1   Thumb Code   114  mbfunccoils.o(i.eMBFuncReadCoils)
    eMBFuncReadDiscreteInputs                0x08001b63   Thumb Code   114  mbfuncdisc.o(i.eMBFuncReadDiscreteInputs)
    eMBFuncReadHoldingRegister               0x08001bd5   Thumb Code    94  mbfuncholding.o(i.eMBFuncReadHoldingRegister)
    eMBFuncReadInputRegister                 0x08001c33   Thumb Code    98  mbfuncinput.o(i.eMBFuncReadInputRegister)
    eMBFuncReadWriteMultipleHoldingRegister  0x08001c95   Thumb Code   156  mbfuncholding.o(i.eMBFuncReadWriteMultipleHoldingRegister)
    eMBFuncReportSlaveID                     0x08001d31   Thumb Code    26  mbfuncother.o(i.eMBFuncReportSlaveID)
    eMBFuncWriteCoil                         0x08001d55   Thumb Code    86  mbfunccoils.o(i.eMBFuncWriteCoil)
    eMBFuncWriteHoldingRegister              0x08001dab   Thumb Code    50  mbfuncholding.o(i.eMBFuncWriteHoldingRegister)
    eMBFuncWriteMultipleCoils                0x08001ddd   Thumb Code   100  mbfunccoils.o(i.eMBFuncWriteMultipleCoils)
    eMBFuncWriteMultipleHoldingRegister      0x08001e41   Thumb Code    78  mbfuncholding.o(i.eMBFuncWriteMultipleHoldingRegister)
    eMBInit                                  0x08001e91   Thumb Code    96  mb.o(i.eMBInit)
    eMBPoll                                  0x08001f11   Thumb Code   176  mb.o(i.eMBPoll)
    eMBRTUInit                               0x08001fc5   Thumb Code    58  mbrtu.o(i.eMBRTUInit)
    eMBRTUReceive                            0x08002005   Thumb Code    74  mbrtu.o(i.eMBRTUReceive)
    eMBRTUSend                               0x08002059   Thumb Code    84  mbrtu.o(i.eMBRTUSend)
    eMBRTUStart                              0x080020b5   Thumb Code    26  mbrtu.o(i.eMBRTUStart)
    eMBRTUStop                               0x080020d5   Thumb Code    20  mbrtu.o(i.eMBRTUStop)
    eMBRegCoilsCB                            0x080020e9   Thumb Code     4  mdtask.o(i.eMBRegCoilsCB)
    eMBRegDiscreteCB                         0x080020ed   Thumb Code     4  mdtask.o(i.eMBRegDiscreteCB)
    eMBRegHoldingCB                          0x080020f1   Thumb Code     4  mdtask.o(i.eMBRegHoldingCB)
    eMBRegInputCB                            0x080020f5   Thumb Code    88  mdtask.o(i.eMBRegInputCB)
    main                                     0x08002159   Thumb Code   120  main.o(i.main)
    osDelay                                  0x080021f1   Thumb Code    14  cmsis_os.o(i.osDelay)
    osKernelStart                            0x080021ff   Thumb Code    10  cmsis_os.o(i.osKernelStart)
    osSystickHandler                         0x08002209   Thumb Code    20  cmsis_os.o(i.osSystickHandler)
    osThreadCreate                           0x0800221d   Thumb Code    46  cmsis_os.o(i.osThreadCreate)
    prveMBError2Exception                    0x08002595   Thumb Code    24  mbutils.o(i.prveMBError2Exception)
    pvPortMalloc                             0x080025ad   Thumb Code   210  heap_4.o(i.pvPortMalloc)
    pxPortInitialiseStack                    0x08002685   Thumb Code    40  port.o(i.pxPortInitialiseStack)
    usMBCRC16                                0x080026b1   Thumb Code    40  mbcrc.o(i.usMBCRC16)
    uxListRemove                             0x080026dd   Thumb Code    36  list.o(i.uxListRemove)
    vListInitialise                          0x08002701   Thumb Code    22  list.o(i.vListInitialise)
    vListInitialiseItem                      0x08002717   Thumb Code     6  list.o(i.vListInitialiseItem)
    vListInsert                              0x0800271d   Thumb Code    48  list.o(i.vListInsert)
    vListInsertEnd                           0x0800274d   Thumb Code    24  list.o(i.vListInsertEnd)
    vMBPortSerialEnable                      0x08002765   Thumb Code    44  portserial.o(i.vMBPortSerialEnable)
    vMBPortTimersDisable                     0x08002795   Thumb Code     6  porttimer.o(i.vMBPortTimersDisable)
    vMBPortTimersEnable                      0x080027a1   Thumb Code    12  porttimer.o(i.vMBPortTimersEnable)
    vPortEnterCritical                       0x080027b5   Thumb Code    54  port.o(i.vPortEnterCritical)
    vPortExitCritical                        0x080027f5   Thumb Code    34  port.o(i.vPortExitCritical)
    vPortFree                                0x0800281d   Thumb Code    88  heap_4.o(i.vPortFree)
    vPortSetupTimerInterrupt                 0x08002879   Thumb Code    26  port.o(i.vPortSetupTimerInterrupt)
    vTaskDelay                               0x08002899   Thumb Code    66  tasks.o(i.vTaskDelay)
    vTaskStartScheduler                      0x080028e5   Thumb Code    86  tasks.o(i.vTaskStartScheduler)
    vTaskSuspendAll                          0x0800294d   Thumb Code    10  tasks.o(i.vTaskSuspendAll)
    vTaskSwitchContext                       0x0800295d   Thumb Code    82  tasks.o(i.vTaskSwitchContext)
    xMBPortEventGet                          0x080029b9   Thumb Code    24  portevent.o(i.xMBPortEventGet)
    xMBPortEventInit                         0x080029d5   Thumb Code    10  portevent.o(i.xMBPortEventInit)
    xMBPortEventPost                         0x080029e5   Thumb Code    12  portevent.o(i.xMBPortEventPost)
    xMBPortSerialGetByte                     0x080029f5   Thumb Code    12  portserial.o(i.xMBPortSerialGetByte)
    xMBPortSerialInit                        0x08002a05   Thumb Code     4  portserial.o(i.xMBPortSerialInit)
    xMBPortSerialPutByte                     0x08002a09   Thumb Code    24  portserial.o(i.xMBPortSerialPutByte)
    xMBPortTimersInit                        0x08002a25   Thumb Code    68  porttimer.o(i.xMBPortTimersInit)
    xMBRTUReceiveFSM                         0x08002a79   Thumb Code    96  mbrtu.o(i.xMBRTUReceiveFSM)
    xMBRTUTimerT35Expired                    0x08002ae1   Thumb Code    58  mbrtu.o(i.xMBRTUTimerT35Expired)
    xMBRTUTransmitFSM                        0x08002b21   Thumb Code    86  mbrtu.o(i.xMBRTUTransmitFSM)
    xPortStartScheduler                      0x08002b7d   Thumb Code   202  port.o(i.xPortStartScheduler)
    xPortSysTickHandler                      0x08002c5d   Thumb Code    38  port.o(i.xPortSysTickHandler)
    xTaskCreate                              0x08002c89   Thumb Code    86  tasks.o(i.xTaskCreate)
    xTaskGetSchedulerState                   0x08002ce1   Thumb Code    22  tasks.o(i.xTaskGetSchedulerState)
    xTaskIncrementTick                       0x08002cfd   Thumb Code   192  tasks.o(i.xTaskIncrementTick)
    xTaskResumeAll                           0x08002dc5   Thumb Code   182  tasks.o(i.xTaskResumeAll)
    AHBPrescTable                            0x08002eb0   Data          16  system_stm32f4xx.o(.constdata)
    APBPrescTable                            0x08002ec0   Data           8  system_stm32f4xx.o(.constdata)
    Region$$Table$$Base                      0x080030e4   Number         0  anon$$obj.o(Region$$Table)
    Region$$Table$$Limit                     0x08003104   Number         0  anon$$obj.o(Region$$Table)
    defaultTaskHandle                        0x20000000   Data           4  main.o(.data)
    pxCurrentTCB                             0x20000008   Data           4  tasks.o(.data)
    SystemCoreClock                          0x20000068   Data           4  system_stm32f4xx.o(.data)
    uwTick                                   0x2000006c   Data           4  stm32f4xx_hal.o(.data)
    timeout                                  0x20000074   Data           2  porttimer.o(.data)
    downcounter                              0x20000076   Data           2  porttimer.o(.data)
    pxMBFrameCBByteReceived                  0x200000a4   Data           4  mb.o(.data)
    pxMBFrameCBTransmitterEmpty              0x200000a8   Data           4  mb.o(.data)
    pxMBPortCBTimerExpired                   0x200000ac   Data           4  mb.o(.data)
    htim7                                    0x20000130   Data          60  main.o(.bss)
    huart2                                   0x2000016c   Data          64  main.o(.bss)
    htim6                                    0x200001ac   Data          60  stm32f4xx_hal_timebase_tim.o(.bss)
    ucRTUBuf                                 0x20003f08   Data         256  mbrtu.o(.bss)
    __initial_sp                             0x20004408   Data           0  startup_stm32f407xx.o(STACK)



==============================================================================

Memory Map of the image

  Image Entry point : 0x08000189

  Load Region LR_IROM1 (Base: 0x08000000, Size: 0x00003234, Max: 0x00100000, ABSOLUTE, COMPRESSED[0x00003150])

    Execution Region ER_IROM1 (Base: 0x08000000, Size: 0x00003104, Max: 0x00100000, ABSOLUTE)

    Base Addr    Size         Type   Attr      Idx    E Section Name        Object

    0x08000000   0x00000188   Data   RO         3803    RESET               startup_stm32f407xx.o
    0x08000188   0x00000000   Code   RO         4317  * .ARM.Collect$$$$00000000  mc_w.l(entry.o)
    0x08000188   0x00000004   Code   RO         4328    .ARM.Collect$$$$00000001  mc_w.l(entry2.o)
    0x0800018c   0x00000004   Code   RO         4331    .ARM.Collect$$$$00000004  mc_w.l(entry5.o)
    0x08000190   0x00000000   Code   RO         4333    .ARM.Collect$$$$00000008  mc_w.l(entry7b.o)
    0x08000190   0x00000000   Code   RO         4335    .ARM.Collect$$$$0000000A  mc_w.l(entry8b.o)
    0x08000190   0x00000008   Code   RO         4336    .ARM.Collect$$$$0000000B  mc_w.l(entry9a.o)
    0x08000198   0x00000000   Code   RO         4338    .ARM.Collect$$$$0000000D  mc_w.l(entry10a.o)
    0x08000198   0x00000000   Code   RO         4340    .ARM.Collect$$$$0000000F  mc_w.l(entry11a.o)
    0x08000198   0x00000004   Code   RO         4329    .ARM.Collect$$$$00002712  mc_w.l(entry2.o)
    0x0800019c   0x000000ba   Code   RO         1475    .emb_text           port.o
    0x08000256   0x00000002   PAD
    0x08000258   0x00000024   Code   RO         3804    .text               startup_stm32f407xx.o
    0x0800027c   0x00000024   Code   RO         4322    .text               mc_w.l(memcpya.o)
    0x080002a0   0x00000024   Code   RO         4324    .text               mc_w.l(memseta.o)
    0x080002c4   0x00000024   Code   RO         4342    .text               mc_w.l(init.o)
    0x080002e8   0x00000056   Code   RO         4352    .text               mc_w.l(__dczerorl2.o)
    0x0800033e   0x00000024   Code   RO         2270    i.HAL_DMA_Abort_IT  stm32f4xx_hal_dma.o
    0x08000362   0x00000002   PAD
    0x08000364   0x000001b0   Code   RO         3060    i.HAL_GPIO_Init     stm32f4xx_hal_gpio.o
    0x08000514   0x00000008   Code   RO         3063    i.HAL_GPIO_TogglePin  stm32f4xx_hal_gpio.o
    0x0800051c   0x0000000a   Code   RO         3064    i.HAL_GPIO_WritePin  stm32f4xx_hal_gpio.o
    0x08000526   0x00000002   PAD
    0x08000528   0x0000000c   Code   RO         2126    i.HAL_GetTick       stm32f4xx_hal.o
    0x08000534   0x00000010   Code   RO         2128    i.HAL_IncTick       stm32f4xx_hal.o
    0x08000544   0x00000034   Code   RO         2129    i.HAL_Init          stm32f4xx_hal.o
    0x08000578   0x00000074   Code   RO          330    i.HAL_InitTick      stm32f4xx_hal_timebase_tim.o
    0x080005ec   0x00000058   Code   RO          266    i.HAL_MspInit       stm32f4xx_hal_msp.o
    0x08000644   0x00000016   Code   RO         3230    i.HAL_NVIC_EnableIRQ  stm32f4xx_hal_cortex.o
    0x0800065a   0x00000002   PAD
    0x0800065c   0x00000040   Code   RO         3236    i.HAL_NVIC_SetPriority  stm32f4xx_hal_cortex.o
    0x0800069c   0x00000024   Code   RO         3237    i.HAL_NVIC_SetPriorityGrouping  stm32f4xx_hal_cortex.o
    0x080006c0   0x0000017c   Code   RO         3124    i.HAL_RCC_ClockConfig  stm32f4xx_hal_rcc.o
    0x0800083c   0x00000040   Code   RO         3128    i.HAL_RCC_GetClockConfig  stm32f4xx_hal_rcc.o
    0x0800087c   0x0000000c   Code   RO         3129    i.HAL_RCC_GetHCLKFreq  stm32f4xx_hal_rcc.o
    0x08000888   0x00000030   Code   RO         3131    i.HAL_RCC_GetPCLK1Freq  stm32f4xx_hal_rcc.o
    0x080008b8   0x00000030   Code   RO         3132    i.HAL_RCC_GetPCLK2Freq  stm32f4xx_hal_rcc.o
    0x080008e8   0x00000070   Code   RO         3133    i.HAL_RCC_GetSysClockFreq  stm32f4xx_hal_rcc.o
    0x08000958   0x00000314   Code   RO         3136    i.HAL_RCC_OscConfig  stm32f4xx_hal_rcc.o
    0x08000c6c   0x00000018   Code   RO         3239    i.HAL_SYSTICK_CLKSourceConfig  stm32f4xx_hal_cortex.o
    0x08000c84   0x00000028   Code   RO         3241    i.HAL_SYSTICK_Config  stm32f4xx_hal_cortex.o
    0x08000cac   0x00000002   Code   RO         1593    i.HAL_TIMEx_BreakCallback  stm32f4xx_hal_tim_ex.o
    0x08000cae   0x00000002   Code   RO         1594    i.HAL_TIMEx_CommutationCallback  stm32f4xx_hal_tim_ex.o
    0x08000cb0   0x00000050   Code   RO         1610    i.HAL_TIMEx_MasterConfigSynchronization  stm32f4xx_hal_tim_ex.o
    0x08000d00   0x00000036   Code   RO         2428    i.HAL_TIM_Base_Init  stm32f4xx_hal_tim.o
    0x08000d36   0x00000002   PAD
    0x08000d38   0x0000003c   Code   RO          268    i.HAL_TIM_Base_MspInit  stm32f4xx_hal_msp.o
    0x08000d74   0x00000018   Code   RO         2433    i.HAL_TIM_Base_Start_IT  stm32f4xx_hal_tim.o
    0x08000d8c   0x0000002a   Code   RO         2436    i.HAL_TIM_Base_Stop_IT  stm32f4xx_hal_tim.o
    0x08000db6   0x00000002   Code   RO         2457    i.HAL_TIM_IC_CaptureCallback  stm32f4xx_hal_tim.o
    0x08000db8   0x00000166   Code   RO         2470    i.HAL_TIM_IRQHandler  stm32f4xx_hal_tim.o
    0x08000f1e   0x00000002   Code   RO         2473    i.HAL_TIM_OC_DelayElapsedCallback  stm32f4xx_hal_tim.o
    0x08000f20   0x00000002   Code   RO         2500    i.HAL_TIM_PWM_PulseFinishedCallback  stm32f4xx_hal_tim.o
    0x08000f22   0x00000002   PAD
    0x08000f24   0x00000014   Code   RO          208    i.HAL_TIM_PeriodElapsedCallback  main.o
    0x08000f38   0x00000002   Code   RO         2511    i.HAL_TIM_TriggerCallback  stm32f4xx_hal_tim.o
    0x08000f3a   0x00000002   Code   RO         3381    i.HAL_UART_ErrorCallback  stm32f4xx_hal_uart.o
    0x08000f3c   0x00000110   Code   RO         3384    i.HAL_UART_IRQHandler  stm32f4xx_hal_uart.o
    0x0800104c   0x00000062   Code   RO         3385    i.HAL_UART_Init     stm32f4xx_hal_uart.o
    0x080010ae   0x00000002   PAD
    0x080010b0   0x0000005c   Code   RO          270    i.HAL_UART_MspInit  stm32f4xx_hal_msp.o
    0x0800110c   0x00000002   Code   RO         3391    i.HAL_UART_RxCpltCallback  stm32f4xx_hal_uart.o
    0x0800110e   0x000000ba   Code   RO         3393    i.HAL_UART_Transmit  stm32f4xx_hal_uart.o
    0x080011c8   0x00000002   Code   RO         3396    i.HAL_UART_TxCpltCallback  stm32f4xx_hal_uart.o
    0x080011ca   0x00000002   PAD
    0x080011cc   0x000001d4   Code   RO          209    i.MX_GPIO_Init      main.o
    0x080013a0   0x00000044   Code   RO          370    i.ModbusRTUTask     mdtask.o
    0x080013e4   0x00000020   Code   RO         3243    i.NVIC_SetPriority  stm32f4xx_hal_cortex.o
    0x08001404   0x00000020   Code   RO          210    i.StartDefaultTask  main.o
    0x08001424   0x00000004   Code   RO            4    i.SysTick_Handler   stm32f4xx_it.o
    0x08001428   0x000000a0   Code   RO          211    i.SystemClock_Config  main.o
    0x080014c8   0x00000054   Code   RO         1556    i.SystemInit        system_stm32f4xx.o
    0x0800151c   0x0000000c   Code   RO            5    i.TIM6_DAC_IRQHandler  stm32f4xx_it.o
    0x08001528   0x00000044   Code   RO            6    i.TIM7_IRQHandler   stm32f4xx_it.o
    0x0800156c   0x000000c0   Code   RO         2512    i.TIM_Base_SetConfig  stm32f4xx_hal_tim.o
    0x0800162c   0x00000010   Code   RO         3398    i.UART_DMAAbortOnError  stm32f4xx_hal_uart.o
    0x0800163c   0x0000001c   Code   RO         3408    i.UART_EndRxTransfer  stm32f4xx_hal_uart.o
    0x08001658   0x0000008c   Code   RO         3410    i.UART_Receive_IT   stm32f4xx_hal_uart.o
    0x080016e4   0x000002ac   Code   RO         3411    i.UART_SetConfig    stm32f4xx_hal_uart.o
    0x08001990   0x00000062   Code   RO         3412    i.UART_Transmit_IT  stm32f4xx_hal_uart.o
    0x080019f2   0x00000064   Code   RO         3413    i.UART_WaitOnFlagUntilTimeout  stm32f4xx_hal_uart.o
    0x08001a56   0x00000002   PAD
    0x08001a58   0x00000058   Code   RO            7    i.USART2_IRQHandler  stm32f4xx_it.o
    0x08001ab0   0x0000000e   Code   RO         4346    i.__scatterload_copy  mc_w.l(handlers.o)
    0x08001abe   0x00000002   Code   RO         4347    i.__scatterload_null  mc_w.l(handlers.o)
    0x08001ac0   0x0000000e   Code   RO         4348    i.__scatterload_zeroinit  mc_w.l(handlers.o)
    0x08001ace   0x00000002   PAD
    0x08001ad0   0x00000020   Code   RO         4254    i.eMBEnable         mb.o
    0x08001af0   0x00000072   Code   RO         3811    i.eMBFuncReadCoils  mbfunccoils.o
    0x08001b62   0x00000072   Code   RO         3860    i.eMBFuncReadDiscreteInputs  mbfuncdisc.o
    0x08001bd4   0x0000005e   Code   RO         3884    i.eMBFuncReadHoldingRegister  mbfuncholding.o
    0x08001c32   0x00000062   Code   RO         3926    i.eMBFuncReadInputRegister  mbfuncinput.o
    0x08001c94   0x0000009c   Code   RO         3885    i.eMBFuncReadWriteMultipleHoldingRegister  mbfuncholding.o
    0x08001d30   0x00000024   Code   RO         3950    i.eMBFuncReportSlaveID  mbfuncother.o
    0x08001d54   0x00000056   Code   RO         3812    i.eMBFuncWriteCoil  mbfunccoils.o
    0x08001daa   0x00000032   Code   RO         3886    i.eMBFuncWriteHoldingRegister  mbfuncholding.o
    0x08001ddc   0x00000064   Code   RO         3813    i.eMBFuncWriteMultipleCoils  mbfunccoils.o
    0x08001e40   0x0000004e   Code   RO         3887    i.eMBFuncWriteMultipleHoldingRegister  mbfuncholding.o
    0x08001e8e   0x00000002   PAD
    0x08001e90   0x00000080   Code   RO         4255    i.eMBInit           mb.o
    0x08001f10   0x000000b4   Code   RO         4256    i.eMBPoll           mb.o
    0x08001fc4   0x00000040   Code   RO         4176    i.eMBRTUInit        mbrtu.o
    0x08002004   0x00000054   Code   RO         4177    i.eMBRTUReceive     mbrtu.o
    0x08002058   0x0000005c   Code   RO         4178    i.eMBRTUSend        mbrtu.o
    0x080020b4   0x00000020   Code   RO         4179    i.eMBRTUStart       mbrtu.o
    0x080020d4   0x00000014   Code   RO         4180    i.eMBRTUStop        mbrtu.o
    0x080020e8   0x00000004   Code   RO          371    i.eMBRegCoilsCB     mdtask.o
    0x080020ec   0x00000004   Code   RO          372    i.eMBRegDiscreteCB  mdtask.o
    0x080020f0   0x00000004   Code   RO          373    i.eMBRegHoldingCB   mdtask.o
    0x080020f4   0x00000064   Code   RO          374    i.eMBRegInputCB     mdtask.o
    0x08002158   0x0000008c   Code   RO          212    i.main              main.o
    0x080021e4   0x0000000c   Code   RO         1102    i.makeFreeRtosPriority  cmsis_os.o
    0x080021f0   0x0000000e   Code   RO         1104    i.osDelay           cmsis_os.o
    0x080021fe   0x0000000a   Code   RO         1107    i.osKernelStart     cmsis_os.o
    0x08002208   0x00000014   Code   RO         1140    i.osSystickHandler  cmsis_os.o
    0x0800221c   0x0000002e   Code   RO         1141    i.osThreadCreate    cmsis_os.o
    0x0800224a   0x00000002   PAD
    0x0800224c   0x00000070   Code   RO          420    i.prvAddCurrentTaskToDelayedList  tasks.o
    0x080022bc   0x000000d0   Code   RO          421    i.prvAddNewTaskToReadyList  tasks.o
    0x0800238c   0x00000050   Code   RO          422    i.prvCheckTasksWaitingTermination  tasks.o
    0x080023dc   0x00000014   Code   RO          423    i.prvDeleteTCB      tasks.o
    0x080023f0   0x0000004c   Code   RO         1028    i.prvHeapInit       heap_4.o
    0x0800243c   0x00000028   Code   RO          424    i.prvIdleTask       tasks.o
    0x08002464   0x0000009c   Code   RO          425    i.prvInitialiseNewTask  tasks.o
    0x08002500   0x0000004c   Code   RO         1029    i.prvInsertBlockIntoFreeList  heap_4.o
    0x0800254c   0x00000020   Code   RO          427    i.prvResetNextTaskUnblockTime  tasks.o
    0x0800256c   0x00000028   Code   RO         1476    i.prvTaskExitError  port.o
    0x08002594   0x00000018   Code   RO         3983    i.prveMBError2Exception  mbutils.o
    0x080025ac   0x000000d8   Code   RO         1030    i.pvPortMalloc      heap_4.o
    0x08002684   0x0000002c   Code   RO         1477    i.pxPortInitialiseStack  port.o
    0x080026b0   0x0000002c   Code   RO         4150    i.usMBCRC16         mbcrc.o
    0x080026dc   0x00000024   Code   RO          757    i.uxListRemove      list.o
    0x08002700   0x00000016   Code   RO          758    i.vListInitialise   list.o
    0x08002716   0x00000006   Code   RO          759    i.vListInitialiseItem  list.o
    0x0800271c   0x00000030   Code   RO          760    i.vListInsert       list.o
    0x0800274c   0x00000018   Code   RO          761    i.vListInsertEnd    list.o
    0x08002764   0x00000030   Code   RO         4057    i.vMBPortSerialEnable  portserial.o
    0x08002794   0x0000000c   Code   RO         4110    i.vMBPortTimersDisable  porttimer.o
    0x080027a0   0x00000014   Code   RO         4111    i.vMBPortTimersEnable  porttimer.o
    0x080027b4   0x00000040   Code   RO         1479    i.vPortEnterCritical  port.o
    0x080027f4   0x00000028   Code   RO         1480    i.vPortExitCritical  port.o
    0x0800281c   0x0000005c   Code   RO         1031    i.vPortFree         heap_4.o
    0x08002878   0x00000020   Code   RO         1481    i.vPortSetupTimerInterrupt  port.o
    0x08002898   0x0000004c   Code   RO          437    i.vTaskDelay        tasks.o
    0x080028e4   0x00000068   Code   RO          450    i.vTaskStartScheduler  tasks.o
    0x0800294c   0x00000010   Code   RO          452    i.vTaskSuspendAll   tasks.o
    0x0800295c   0x0000005c   Code   RO          453    i.vTaskSwitchContext  tasks.o
    0x080029b8   0x0000001c   Code   RO         4019    i.xMBPortEventGet   portevent.o
    0x080029d4   0x00000010   Code   RO         4020    i.xMBPortEventInit  portevent.o
    0x080029e4   0x00000010   Code   RO         4021    i.xMBPortEventPost  portevent.o
    0x080029f4   0x00000010   Code   RO         4058    i.xMBPortSerialGetByte  portserial.o
    0x08002a04   0x00000004   Code   RO         4059    i.xMBPortSerialInit  portserial.o
    0x08002a08   0x0000001c   Code   RO         4060    i.xMBPortSerialPutByte  portserial.o
    0x08002a24   0x00000054   Code   RO         4112    i.xMBPortTimersInit  porttimer.o
    0x08002a78   0x00000068   Code   RO         4181    i.xMBRTUReceiveFSM  mbrtu.o
    0x08002ae0   0x00000040   Code   RO         4182    i.xMBRTUTimerT35Expired  mbrtu.o
    0x08002b20   0x0000005c   Code   RO         4183    i.xMBRTUTransmitFSM  mbrtu.o
    0x08002b7c   0x000000e0   Code   RO         1483    i.xPortStartScheduler  port.o
    0x08002c5c   0x0000002c   Code   RO         1484    i.xPortSysTickHandler  port.o
    0x08002c88   0x00000056   Code   RO          455    i.xTaskCreate       tasks.o
    0x08002cde   0x00000002   PAD
    0x08002ce0   0x0000001c   Code   RO          459    i.xTaskGetSchedulerState  tasks.o
    0x08002cfc   0x000000c8   Code   RO          462    i.xTaskIncrementTick  tasks.o
    0x08002dc4   0x000000c4   Code   RO          468    i.xTaskResumeAll    tasks.o
    0x08002e88   0x00000028   Data   RO          214    .constdata          main.o
    0x08002eb0   0x00000010   Data   RO         1557    .constdata          system_stm32f4xx.o
    0x08002ec0   0x00000008   Data   RO         1558    .constdata          system_stm32f4xx.o
    0x08002ec8   0x00000200   Data   RO         4151    .constdata          mbcrc.o
    0x080030c8   0x0000001c   Data   RO          215    .conststring        main.o
    0x080030e4   0x00000020   Data   RO         4344    Region$$Table       anon$$obj.o


    Execution Region RW_IRAM1 (Base: 0x20000000, Size: 0x00004408, Max: 0x00020000, ABSOLUTE, COMPRESSED[0x0000004c])

    Base Addr    Size         Type   Attr      Idx    E Section Name        Object

    0x20000000   0x00000004   Data   RW          216    .data               main.o
    0x20000004   0x00000002   Data   RW          376    .data               mdtask.o
    0x20000006   0x00000002   PAD
    0x20000008   0x0000003c   Data   RW          471    .data               tasks.o
    0x20000044   0x00000018   Data   RW         1036    .data               heap_4.o
    0x2000005c   0x0000000c   Data   RW         1485    .data               port.o
    0x20000068   0x00000004   Data   RW         1559    .data               system_stm32f4xx.o
    0x2000006c   0x00000004   Data   RW         2135    .data               stm32f4xx_hal.o
    0x20000070   0x00000002   Data   RW         3953    .data               mbfuncother.o
    0x20000072   0x00000002   Data   RW         4022    .data               portevent.o
    0x20000074   0x00000004   Data   RW         4113    .data               porttimer.o
    0x20000078   0x0000000c   Data   RW         4185    .data               mbrtu.o
    0x20000084   0x000000ac   Data   RW         4258    .data               mb.o
    0x20000130   0x0000007c   Zero   RW          213    .bss                main.o
    0x200001ac   0x0000003c   Zero   RW          333    .bss                stm32f4xx_hal_timebase_tim.o
    0x200001e8   0x00000010   Zero   RW          375    .bss                mdtask.o
    0x200001f8   0x000000f0   Zero   RW          470    .bss                tasks.o
    0x200002e8   0x00003c00   Zero   RW         1035    .bss                heap_4.o
    0x20003ee8   0x00000020   Zero   RW         3952    .bss                mbfuncother.o
    0x20003f08   0x00000100   Zero   RW         4184    .bss                mbrtu.o
    0x20004008   0x00000400   Zero   RW         3801    STACK               startup_stm32f407xx.o


==============================================================================

Image component sizes


      Code (inc. data)   RO Data    RW Data    ZI Data      Debug   Object Name

       102          0          0          0          0      13456   cmsis_os.o
       460         24          0         24      15360       7407   heap_4.o
       136          0          0          0          0       3566   list.o
       820         70         68          4        124       4204   main.o
       340         40          0        172          0       4432   mb.o
        44          4        512          0          0       1348   mbcrc.o
       300          0          0          0          0       4586   mbfunccoils.o
       114          0          0          0          0       1684   mbfuncdisc.o
       378          0          0          0          0       5459   mbfuncholding.o
        98          0          0          0          0       1679   mbfuncinput.o
        36         10          0          2         32       1515   mbfuncother.o
       552         50          0         12        256       6835   mbrtu.o
        24          0          0          0          0        692   mbutils.o
       180         18          0          2         16       3605   mdtask.o
       674         74          0         12          0      11124   port.o
        60         14          0          2          0       2412   portevent.o
        96         12          0          0          0       4370   portserial.o
       116         30          0          4          0       2067   porttimer.o
        36          8        392          0       1024        808   startup_stm32f407xx.o
        80         16          0          4          0       3220   stm32f4xx_hal.o
       218         14          0          0          0      31065   stm32f4xx_hal_cortex.o
        36          0          0          0          0       1223   stm32f4xx_hal_dma.o
       450         44          0          0          0       3049   stm32f4xx_hal_gpio.o
       240         24          0          0          0       2156   stm32f4xx_hal_msp.o
      1452         86          0          0          0       6345   stm32f4xx_hal_rcc.o
       678         44          0          0          0       7150   stm32f4xx_hal_tim.o
        84          0          0          0          0       2430   stm32f4xx_hal_tim_ex.o
       116         16          0          0         60       1464   stm32f4xx_hal_timebase_tim.o
      1628         14          0          0          0       9587   stm32f4xx_hal_uart.o
       172         32          0          0          0     701592   stm32f4xx_it.o
        84         18         24          4          0       1171   system_stm32f4xx.o
      1446        120          0         60        240      25871   tasks.o

    ----------------------------------------------------------------------
     11274        782       1028        304      17112     877572   Object Totals
         0          0         32          0          0          0   (incl. Generated)
        24          0          0          2          0          0   (incl. Padding)

    ----------------------------------------------------------------------

      Code (inc. data)   RO Data    RW Data    ZI Data      Debug   Library Member Name

        86          0          0          0          0          0   __dczerorl2.o
         0          0          0          0          0          0   entry.o
         0          0          0          0          0          0   entry10a.o
         0          0          0          0          0          0   entry11a.o
         8          4          0          0          0          0   entry2.o
         4          0          0          0          0          0   entry5.o
         0          0          0          0          0          0   entry7b.o
         0          0          0          0          0          0   entry8b.o
         8          4          0          0          0          0   entry9a.o
        30          0          0          0          0          0   handlers.o
        36          8          0          0          0         68   init.o
        36          0          0          0          0         68   memcpya.o
        36          0          0          0          0        108   memseta.o

    ----------------------------------------------------------------------
       246         16          0          0          0        244   Library Totals
         2          0          0          0          0          0   (incl. Padding)

    ----------------------------------------------------------------------

      Code (inc. data)   RO Data    RW Data    ZI Data      Debug   Library Name

       244         16          0          0          0        244   mc_w.l

    ----------------------------------------------------------------------
       246         16          0          0          0        244   Library Totals

    ----------------------------------------------------------------------

==============================================================================


      Code (inc. data)   RO Data    RW Data    ZI Data      Debug   

     11520        798       1028        304      17112     865348   Grand Totals
     11520        798       1028         76      17112     865348   ELF Image Totals (compressed)
     11520        798       1028         76          0          0   ROM Totals

==============================================================================

    Total RO  Size (Code + RO Data)                12548 (  12.25kB)
    Total RW  Size (RW Data + ZI Data)             17416 (  17.01kB)
    Total ROM Size (Code + RO Data + RW Data)      12624 (  12.33kB)

==============================================================================

